{"event":"room.cold_start","durationMs":673,"integrity":"eager","phases":{"schema":{"ms":55,"rowsRead":0},"plugin":{"ms":191,"rowsRead":0},"fence":{"ms":64,"rowsRead":0},"verifies":{"ms":15,"rowsRead":0},"checksum":{"ms":0,"rowsRead":0}},"cpuMs":177,"heapBytes":34672752,"rooms":0,"sequences":0,"projectionBytes":0,"events":0}
ROOM_SECURITY_CONTACT is unset; /.well-known/security.txt returns 404
✔ classifier: 405 on the documented method is a method mismatch (1.753281ms)
✔ classifier: double 404 is not served; single 404 is a resource miss (0.481132ms)
✔ classifier: everything else holds (auth, validation, success) (0.727602ms)
✔ concrete() seeds the room id and dummies the rest (1.226792ms)
✔ report renders a summary, mismatch section and operation table (0.968003ms)
room diagnostic op_Q-vTy9B- 401 unauthenticated access /api/rooms/:roomId/work-claims-read
room diagnostic op_yO4IV6G_ 401 unauthenticated access /api/rooms/:roomId/project-offers/probe-id/claims
room diagnostic op_bL9aq-32 401 unauthenticated access /api/rooms/:roomId/project-offers
room diagnostic op_9KZp4Dz8 401 unauthenticated access /api/rooms/:roomId/project-offers
room diagnostic op_0ThRLnWx 401 unauthenticated access /api/rooms/:roomId/project-offers
room diagnostic op_yv4jpokO 401 unauthenticated access /api/rooms/:roomId/project-offers/probe-id/publish
room diagnostic op_DeCVy5bp 401 unauthenticated access /api/rooms/:roomId/project-offers/probe-id/withdraw
room diagnostic op_FE7zAQum 401 unauthenticated access /api/rooms/:roomId/conversation
room diagnostic op_ckiYBY8x 401 unauthenticated access /api/rooms/:roomId/commands
room diagnostic op_9rBXZPWm 401 unauthenticated access /api/rooms/:roomId/events
room diagnostic op_-QzNrmFb 401 unauthenticated access /api/rooms/:roomId/stream
room diagnostic op_bFtpQUWG 401 unauthenticated access /api/rooms/:roomId/presence
room diagnostic op_KAtButUk 401 unauthenticated access /api/rooms/:roomId/export
room diagnostic op_XSuKaBjl 401 unauthenticated access /api/rooms/:roomId/import
room diagnostic op_vKJo10TD 401 unauthenticated access /api/rooms/:roomId/messages/probe-id/thread
room diagnostic op_idqLVNQr 401 unauthenticated access /api/rooms/:roomId/search
room diagnostic op_5fFpgRhs 401 unauthenticated access /api/rooms/:roomId/pins
room diagnostic op_bJtiCINt 401 unauthenticated access /api/rooms/:roomId/pins
room diagnostic op_dLBUlZ6o 401 unauthenticated access /api/rooms/:roomId/squads
room diagnostic op_VJywAbnr 401 unauthenticated access /api/rooms/:roomId/squads
room diagnostic op_nNA9UWW- 401 unauthenticated access /api/rooms/:roomId/squads/probe-id
room diagnostic op_vMMPMlEP 401 unauthenticated access /api/rooms/:roomId/squads/probe-id/members
room diagnostic op_bSlN2xNc 401 unauthenticated access /api/rooms/:roomId/squads/probe-id/disband
room diagnostic op_ihqHVlUV 401 unauthenticated access /api/rooms/:roomId/typing
room diagnostic op_ERhF2U7f 401 unauthenticated access /api/rooms/:roomId/code
room diagnostic op_ZzCcJqMe 401 unauthenticated access /api/rooms/:roomId/code
room diagnostic op_1JzHo7xv 401 unauthenticated access /api/rooms/:roomId/code/probe-id
room diagnostic op_Pj-4jvJL 401 unauthenticated access /api/rooms/:roomId/code/probe-id/raw
room diagnostic op_kqqoxmGp 401 unauthenticated access /api/rooms/:roomId/code/probe-id/checks
room diagnostic op_LVhLPbKm 401 unauthenticated access /api/rooms/:roomId/files
room diagnostic op_z6RFW7U4 401 unauthenticated access /api/rooms/:roomId/files
room diagnostic op_IsA9F8YN 401 unauthenticated access /api/rooms/:roomId/files/probe-id
room diagnostic op_t2ERxnL- 401 unauthenticated access /api/rooms/:roomId/files/probe-id/commit
room diagnostic op_rmboHSXs 401 unauthenticated access /api/rooms/:roomId/identity-links
room diagnostic op_bsItFor2 401 unauthenticated access /api/rooms/:roomId/identity-links
room diagnostic op_NHZwbN52 401 unauthenticated access /api/rooms/:roomId/identity-links
room diagnostic op_FR7_jXb7 401 unauthenticated access /api/rooms/:roomId/agent-pause
room diagnostic op_obmf7aGG 401 unauthenticated access /api/rooms/:roomId/agent-pause
room diagnostic op_f3z2nfBM 401 unauthenticated access /api/rooms/:roomId/provider-heartbeats
room diagnostic op_x-cpcbw1 401 unauthenticated access /api/rooms/:roomId/spend-allowance
room diagnostic op_jl_3HSm4 401 unauthenticated access /api/rooms/:roomId/spend-allowance
room diagnostic op_PQ9J7cwK 401 unauthenticated access /api/rooms/:roomId/spend-pricing
room diagnostic op_Ggiib4KB 401 unauthenticated access /api/rooms/:roomId/spend-pricing
room diagnostic op_-mwz74mk 401 unauthenticated access /api/rooms/:roomId/spend-grants
room diagnostic op_eEv5ov8W 401 unauthenticated access /api/rooms/:roomId/spend-grants/probe-id
room diagnostic op_0pa2SjeL 401 unauthenticated access /api/rooms/:roomId/spend-grant
room diagnostic op_svCJ46cP 401 unauthenticated access /api/rooms/:roomId/usage
room diagnostic op_O0_mK4i- 401 unauthenticated access /api/rooms/:roomId/invitations
room diagnostic op_x7u3fULM 401 unauthenticated access /api/rooms/:roomId/invitations
room diagnostic op_QyLJRGJ5 401 unauthenticated access /api/rooms/:roomId/access-review
room diagnostic op_QtoNeKOT 401 unauthenticated access /api/rooms/:roomId/access-requests
room diagnostic op_gY2oZKkw 401 unauthenticated access /api/rooms/:roomId/access-requests
room diagnostic op_OBeBPL8g 401 unauthenticated access /api/rooms/:roomId/agents/overview
room diagnostic op_9n9-RMbl 401 unauthenticated access /api/rooms/:roomId/members/me/wants-work
room diagnostic op_jcme4NPw 401 unauthenticated access /api/rooms/:roomId/members/me/wants-work
room diagnostic op_-BlfoYS6 401 unauthenticated access /api/rooms/:roomId/members/me/wants-work
room diagnostic op_yEvkGt8u 401 unauthenticated access /api/rooms/:roomId/members/me/permission-requests
room diagnostic op_4uesk347 401 unauthenticated access /api/rooms/:roomId/access-requests/probe-id/decide
room diagnostic op_73fVJyjC 401 unauthenticated access /api/rooms/:roomId/referrals
room diagnostic op_wy_1C2-M 401 unauthenticated access /api/rooms/:roomId/membership-delegation
room diagnostic op_bC-dnY7o 401 unauthenticated access /api/rooms/:roomId/membership-delegation/grant
room diagnostic op_ATSsqzxK 401 unauthenticated access /api/rooms/:roomId/membership-delegation/revoke
room diagnostic op_OXGMfvTe 401 unauthenticated access /api/rooms/:roomId/owner-delegates
room diagnostic op_gy314H_s 401 unauthenticated access /api/rooms/:roomId/owner-delegates/grant
room diagnostic op_DlHghDJh 401 unauthenticated access /api/rooms/:roomId/owner-delegates/revoke
room diagnostic op_fOHyAwyU 401 unauthenticated access /api/rooms/:roomId/ownership/transfer
room diagnostic op_59C1xvxt 401 unauthenticated access /api/rooms/:roomId/capabilities
room diagnostic op_l3ijzizd 401 unauthenticated access /api/rooms/:roomId/work-sessions
room diagnostic op_GHY_EdLv 401 unauthenticated access /api/rooms/:roomId/work-sessions
room diagnostic op_wq-aiVqj 401 unauthenticated access /api/rooms/:roomId/work-context
room diagnostic op_mTPqFora 401 unauthenticated access /api/rooms/:roomId/work-result
room diagnostic op_n6FzTe61 401 unauthenticated access /api/rooms/:roomId/return-brief
room diagnostic op_ezwEWudq 401 unauthenticated access /api/rooms/:roomId/notifications
room diagnostic op__hQrT1lY 401 unauthenticated access /api/rooms/:roomId/cursor
room diagnostic op_NbblXgiw 401 unauthenticated access /api/rooms/:roomId/reports
room diagnostic op_cVw6QaWK 401 unauthenticated access /api/rooms/:roomId/reports
room diagnostic op_joRx14Ea 401 unauthenticated access /api/rooms/:roomId/agent-inbox
room diagnostic op_c344uOpO 401 unauthenticated access /api/rooms/:roomId/next-actions
room diagnostic op_SCGggdWS 401 unauthenticated access /api/rooms/:roomId/next-actions-dismiss
room diagnostic op_5e9Cj8Kl 401 unauthenticated access /api/rooms/:roomId/next-actions-suppressions
room diagnostic op_GR7E1Eiq 401 unauthenticated access /api/rooms/:roomId/next-actions-suppressions
room diagnostic op_OYT_QVaj 401 unauthenticated access /api/rooms/:roomId/next-actions-dismissals
room diagnostic op_THjxtvRl 401 unauthenticated access /api/rooms/:roomId/matchmaking/seeker
room diagnostic op_iw629utY 401 unauthenticated access /api/rooms/:roomId/matchmaking/openings
room diagnostic op_s9gt2AFL 401 unauthenticated access /api/rooms/:roomId/matchmaking/match
room diagnostic op_qXep6mpQ 401 unauthenticated access /api/rooms/:roomId/matchmaking/decisions
room diagnostic op_rT5GnUgZ 401 unauthenticated access /api/rooms/:roomId/matchmaking/decisions/probe-id
room diagnostic op_2MIkJrIp 401 unauthenticated access /api/rooms/:roomId/matchmaking/decisions/probe-id/answer
room diagnostic op_G-u-NisK 401 unauthenticated access /api/rooms/:roomId/work-claims
room diagnostic op_Vm5r0yl0 401 unauthenticated access /api/rooms/:roomId/work-claims
room diagnostic op_jr1QjKI0 401 unauthenticated access /api/rooms/:roomId/work-claims/config
room diagnostic op_JzBRGfUA 401 unauthenticated access /api/rooms/:roomId/work-claims/config
room diagnostic op_y61RsBxM 401 unauthenticated access /api/rooms/:roomId/work-claims/status
room diagnostic op_8ABsgIJz 401 unauthenticated access /api/rooms/:roomId/work-claims/sweep
room diagnostic op_0IR-dPFV 401 unauthenticated access /api/rooms/:roomId/work-claims/duplicates
room diagnostic op_pFelYZdf 401 unauthenticated access /api/rooms/:roomId/work-claims/retention
room diagnostic op_DOJAGTNw 401 unauthenticated access /api/rooms/:roomId/work-claims/probe-id
room diagnostic op_-EAhEH_X 401 unauthenticated access /api/rooms/:roomId/work-claims/probe-id/claim
room diagnostic op_ggFY10_E 401 unauthenticated access /api/rooms/:roomId/work-claims/probe-id/update
room diagnostic op_wh17MADF 401 unauthenticated access /api/rooms/:roomId/work-claims/probe-id/provenance
room diagnostic op_tNnRLwFa 401 unauthenticated access /api/rooms/:roomId/work-claims/probe-id/premise-invalid
room diagnostic op_JgMi3-pp 401 unauthenticated access /api/rooms/:roomId/work-claims/probe-id/review
room diagnostic op_7uZl_CzR 401 unauthenticated access /api/rooms/:roomId/work-claims/probe-id/release
room diagnostic op_sDVANg7c 401 unauthenticated access /api/rooms/:roomId/work-claims/probe-id/close
room diagnostic op_4bj484J9 401 unauthenticated access /api/rooms/:roomId/work-claims/probe-id/cancel
room diagnostic op_fAe4Mz3o 401 unauthenticated access /api/rooms/:roomId/work-claims/probe-id/reassign
room diagnostic op_KGsnyy5C 401 unauthenticated access /api/rooms/:roomId/board/:item/claims
room diagnostic op_l3zJ51Nk 401 unauthenticated access /api/rooms/:roomId/board/:item/claims
room diagnostic op_kvSZ6_Cj 401 unauthenticated access /api/rooms/:roomId/board/:item/claims/probe-id/heartbeat
room diagnostic op_Uyaly__A 401 unauthenticated access /api/rooms/:roomId/board/:item/claims/probe-id/release
room diagnostic op_C3LMC5lT 401 unauthenticated access /api/rooms/:roomId/board/:item/claims/probe-id/receipts
room diagnostic op_BYR4ynkR 401 unauthenticated access /api/rooms/:roomId/board/:item/board
room diagnostic op_PkJ2P98m 401 unauthenticated access /api/rooms/:roomId/board/:item/events
room diagnostic op_3x-tGHbr 401 unauthenticated access /api/rooms/:roomId/board/:item/notes
room diagnostic op_jVAzfEuW 401 unauthenticated access /api/rooms/:roomId/board/:item/notes
room diagnostic op_37z_Hr8R 401 unauthenticated access /api/rooms/:roomId/board/:item/findings
room diagnostic op_IToWPXba 401 unauthenticated access /api/rooms/:roomId/board/:item/findings
room diagnostic op_ECtfsG-a 401 unauthenticated access /api/rooms/:roomId/board/:item/decisions
room diagnostic op_E6-8Ohpl 401 unauthenticated access /api/rooms/:roomId/board/:item/decisions
room diagnostic op_k-HOTR_O 401 unauthenticated access /api/rooms/:roomId/board/:item/mirror-map
room diagnostic op_OOfVlsPB 401 unauthenticated access /api/rooms/:roomId/board/:item/mirror-map
room diagnostic op_LpLbgKLS 401 unauthenticated access /api/rooms/:roomId/board/:item/health
room diagnostic op_kqnZVNgd 401 unauthenticated access /api/rooms/:roomId/receipts
room diagnostic op_NSe0xW9b 401 unauthenticated access /api/rooms/:roomId/work-claims/probe-id/renew
room diagnostic op_S1hN691C 401 unauthenticated access /api/rooms/:roomId/feedback
room diagnostic op_QWnXX_Qf 401 unauthenticated access /api/rooms/:roomId/feedback
room diagnostic op_CFn89QE7 401 unauthenticated access /api/rooms/:roomId/feedback/queue
room diagnostic op_gfxQckKi 401 unauthenticated access /api/rooms/:roomId/feedback/notifications
room diagnostic op_ndUhkBTX 401 unauthenticated access /api/rooms/:roomId/feedback/probe-id
room diagnostic op_jQAlTKnr 401 unauthenticated access /api/rooms/:roomId/feedback/probe-id/triage
room diagnostic op_Dpmz1vvv 401 unauthenticated access /api/rooms/:roomId/feedback/probe-id/appeal
room diagnostic op_a5xvBTFt 401 unauthenticated access /api/rooms/:roomId/feedback/probe-id/appeal/decision
room diagnostic op_YuFAC5M3 401 unauthenticated access /api/rooms/:roomId/feedback/probe-id/outcome
room diagnostic op_3L3UECUU 401 unauthenticated access /api/rooms/:roomId/bounties
room diagnostic op_NiIwyJW0 401 unauthenticated access /api/rooms/:roomId/bounties
room diagnostic op_JrnGSel2 401 unauthenticated access /api/rooms/:roomId/bounties/probe-id/fund
room diagnostic op_STg872Ix 401 unauthenticated access /api/rooms/:roomId/bounties/probe-id/rubric
room diagnostic op_S55YceSj 401 unauthenticated access /api/rooms/:roomId/bounties/reviews
room diagnostic op_sctNOmml 401 unauthenticated access /api/rooms/:roomId/bounties/reputation-reviews
room diagnostic op_ErEI_ulu 401 unauthenticated access /api/rooms/:roomId/bounties/sybil-flags
room diagnostic op_o1289IFo 401 unauthenticated access /api/rooms/:roomId/bounties/sybil-flags/probe-id/dismiss
room diagnostic op_yrygAiRX 401 unauthenticated access /api/rooms/:roomId/bounties/sybil-flags/probe-id/confirm
room diagnostic op_N8XlI3pV 401 unauthenticated access /api/rooms/:roomId/bounties/probe-id/decline
room diagnostic op_8LDwCTgE 401 unauthenticated access /api/rooms/:roomId/bounties/probe-id/snooze
room diagnostic op_xIxTtf19 401 unauthenticated access /api/rooms/:roomId/bounties/probe-id/duplicate
room diagnostic op_RNjhX_Yw 401 unauthenticated access /api/rooms/:roomId/bounties/probe-id/claim
room diagnostic op_zBHGZOrg 401 unauthenticated access /api/rooms/:roomId/bounties/probe-id/watch
room diagnostic op_vCUDFFnR 401 unauthenticated access /api/rooms/:roomId/bounties/probe-id/submit
room diagnostic op_sVi_HTq7 401 unauthenticated access /api/rooms/:roomId/bounties/probe-id/accept
room diagnostic op_jtSEn-Dm 401 unauthenticated access /api/rooms/:roomId/bounties/probe-id/reject
room diagnostic op_J18z-aJD 401 unauthenticated access /api/rooms/:roomId/bounties/probe-id/dispute
room diagnostic op_Zc7zFLmw 401 unauthenticated access /api/rooms/:roomId/bounties/probe-id/dispute/decide
room diagnostic op_d8QSJJby 401 unauthenticated access /api/rooms/:roomId/bounties/probe-id/finalize
room diagnostic op_wanX-hml 401 unauthenticated access /api/rooms/:roomId/credits/balances/probe-id
room diagnostic op_RtjKtVM0 401 unauthenticated access /api/rooms/:roomId/credits/history/probe-id
room diagnostic op__WNgc758 401 unauthenticated access /api/rooms/:roomId/credits/transfer
room diagnostic op_dqDoBGHl 401 unauthenticated access /api/rooms/:roomId/credits/epoch/close
room diagnostic op_YnUC4nQp 401 unauthenticated access /api/rooms/:roomId/:item
room diagnostic op_YxJpSZIw 401 unauthenticated access /api/rooms/:roomId/:item
room diagnostic op_zlgAP4o- 401 unauthenticated access /api/rooms/:roomId/:item
room diagnostic op_GmA9-1o- 401 unauthenticated access /api/rooms/:roomId/:item
room diagnostic op_IX01s1t9 401 unauthenticated access /api/rooms/:roomId/bonds
room diagnostic op_AvYEfvrY 401 unauthenticated access /api/rooms/:roomId/peer-dms
room diagnostic op_-rlB2-wX 401 unauthenticated access /api/rooms/:roomId/peer-dms/probe-id
room diagnostic op_JVoTIyWK 401 unauthenticated access /api/rooms/:roomId/dm-consents
room diagnostic op_7lGPS1C0 401 unauthenticated access /api/rooms/:roomId/dm-consents
room diagnostic op_TO3kTpZL 401 unauthenticated access /api/rooms/:roomId/dm-consents/probe-id/decide
room diagnostic op_7Ll4n1Ue 401 unauthenticated access /api/rooms/:roomId/dm-consents/revoke
room diagnostic op_bbuXq23x 401 unauthenticated access /api/rooms/:roomId/dm-consents/unblock
room diagnostic op_fJqzh_q- 401 unauthenticated access /api/rooms/:roomId/dm-consents/block
room diagnostic op_n06ks-A0 401 unauthenticated access /api/rooms/:roomId/public-face
room diagnostic op_0g5pDxHg 401 unauthenticated access /api/rooms/:roomId/public-face
room diagnostic op_O6rrjWT_ 401 unauthenticated access /api/rooms/:roomId/directory
room diagnostic op_AUNr5efn 401 unauthenticated access /api/rooms/:roomId/directory
room diagnostic op_g578871l 401 unauthenticated access /api/rooms/:roomId/opportunities
room diagnostic op_Rk5db8H1 401 unauthenticated access /api/rooms/:roomId/opportunities
room diagnostic op_Xm71bY1b 401 unauthenticated access /api/rooms/:roomId/public-face/rotate
room diagnostic op_sjtzgNqf 401 unauthenticated access /api/rooms/:roomId/updates
room diagnostic op_lmqS49I7 401 unauthenticated access /api/rooms/:roomId/updates/probe-id/read
room diagnostic op_kPpzlxbF 401 unauthenticated access /api/rooms/:roomId/updates/probe-id/done
room diagnostic op_1NB8Vi8U 401 unauthenticated access /api/rooms/:roomId/updates/probe-id/clear
room diagnostic op_MLNrgMCk 401 unauthenticated access /api/rooms/:roomId/collab/assignments
room diagnostic op_KyowoXGj 401 unauthenticated access /api/rooms/:roomId/collab/assignments
room diagnostic op_Bs6JGSHu 401 unauthenticated access /api/rooms/:roomId/collab/assignments/probe-id/release
room diagnostic op_E_pkB9El 401 unauthenticated access /api/rooms/:roomId/collab/notes
room diagnostic op_jETjhXiB 401 unauthenticated access /api/rooms/:roomId/collab/notes
room diagnostic op_2NhciK77 401 unauthenticated access /api/rooms/:roomId/collab/draft-locks/acquire
room diagnostic op_WPH8mvLP 401 unauthenticated access /api/rooms/:roomId/collab/draft-locks/release
room diagnostic op_73nYmkRl 401 unauthenticated access /api/rooms/:roomId/collab/draft-locks
room diagnostic op_QEk79P4e 401 unauthenticated access /api/rooms/:roomId/collab/approvals
room diagnostic op_mpyCrJ3O 401 unauthenticated access /api/rooms/:roomId/collab/approvals
room diagnostic op_W3kYZ4ml 401 unauthenticated access /api/rooms/:roomId/collab/approvals/probe-id/decide
room diagnostic op_rOuH3GSL 401 unauthenticated access /api/rooms/:roomId/collab/approvals/probe-id/resubmit
room diagnostic op_cSsOwgaS 401 unauthenticated access /api/rooms/:roomId/collab/routing/mentions
room diagnostic op_eqRBa6-F 401 unauthenticated access /api/rooms/:roomId/collab/routing
room diagnostic op_PVGjylg6 401 unauthenticated access /api/rooms/:roomId/collab/routing/probe-id/resolve
room diagnostic op_so68bi9e 401 unauthenticated access /api/rooms/:roomId/collab/routing/policy
room diagnostic op__oYgGeDs 401 unauthenticated access /api/rooms/:roomId/collab/handoffs
room diagnostic op_jtHkHhpf 401 unauthenticated access /api/rooms/:roomId/collab/handoffs
room diagnostic op_Kfi6spps 401 unauthenticated access /api/rooms/:roomId/collab/handoffs/probe-id/transition
room diagnostic op_lJuFbOyu 401 unauthenticated access /api/rooms/:roomId/collab/envelopes
room diagnostic op_1l9HSkak 401 unauthenticated access /api/rooms/:roomId/collab/envelopes
room diagnostic op_g0uUXqqr 401 unauthenticated access /api/rooms/:roomId/collab/envelopes/probe-id/transition
room diagnostic op_LhGCP9D2 401 unauthenticated access /api/rooms/:roomId/collab/envelopes/sweep
room diagnostic op_F7Ykpmmq 401 unauthenticated access /api/rooms/:roomId/collab/envelopes/metrics
room diagnostic op_r9oMjOWv 401 unauthenticated access /api/rooms/:roomId
room diagnostic op__afTUUID 401 unauthenticated access /api/rooms/:roomId/agent-connections
room diagnostic op_kc_3JzYH 401 unauthenticated access /api/rooms/:roomId/agent-connections
room diagnostic op_Y-Av52So 401 unauthenticated access /api/rooms/:roomId/agent-invites
room diagnostic op_IKfjm9pC 401 unauthenticated access /api/rooms/:roomId/agent-invites
room diagnostic op_lxqRfS0d 401 unauthenticated access /api/rooms/:roomId/agent-invites
room diagnostic op_13xL7H_X 401 unauthenticated access /api/rooms/:roomId/referral-invites
room diagnostic op_XQ3Gls60 401 unauthenticated access /api/rooms/:roomId/charter
room diagnostic op_ffP9KAwh 401 unauthenticated access /api/rooms/:roomId/diagnostics
room diagnostic op_bmX4ddNu 401 unauthenticated access /api/rooms/:roomId/diagnostics-export
room diagnostic op_q9MTXpr1 401 unauthenticated access /api/rooms/:roomId/needs-attention
room diagnostic op_jjtOBR-7 401 unauthenticated access /api/rooms/:roomId/jev-shadow
room diagnostic op_NIkTCxH7 401 unauthenticated access /api/rooms/:roomId/mentions
room diagnostic op_t1xCrwAL 401 unauthenticated access /api/rooms/:roomId/open-questions
room diagnostic op_KdMdrn0S 401 unauthenticated access /api/rooms/:roomId/mentions/probe-id/ack
room diagnostic op_3bzZ43EP 401 unauthenticated access /api/rooms/:roomId/mentions/settings
room diagnostic op_2rUufzhP 401 unauthenticated access /api/rooms/:roomId/members/probe-id
room diagnostic op_6LJOKBNh 401 unauthenticated access /api/rooms/:roomId/members/probe-id/card
room diagnostic op_UuVGtP1n 401 unauthenticated access /api/rooms/:roomId/directory/seed
room diagnostic op_0oHK--nl 401 unauthenticated access /api/rooms/:roomId/operator/agents/probe-id
room diagnostic op_ohRD15ib 401 unauthenticated access /api/rooms/:roomId/operator/agents/probe-id
room diagnostic op_NPUebRph 401 unauthenticated access /api/rooms/:roomId/agent-grants
room diagnostic op_U8uojKfw 401 unauthenticated access /api/rooms/:roomId/agent-grants
room diagnostic op_jOngHY2N 401 unauthenticated access /api/rooms/:roomId/agent-grants/probe-id/probe-id
room diagnostic op_V9ZdpWn7 401 unauthenticated access /api/rooms/:roomId/agent-capabilities
room diagnostic op_HVvXVQGV 401 unauthenticated access /api/rooms/:roomId/human-push
room diagnostic op_mkFnf-FM 401 unauthenticated access /api/rooms/:roomId/human-push
room diagnostic op_B0V1r1kk 401 unauthenticated access /api/rooms/:roomId/human-push
room diagnostic op_r9ncURQL 401 unauthenticated access /api/rooms/:roomId/human-push
room diagnostic op_nPBW8182 401 unauthenticated access /api/rooms/:roomId/thread-mutes
room diagnostic op_TtD97_vs 401 unauthenticated access /api/rooms/:roomId/thread-mutes
room diagnostic op_1taids4I 401 unauthenticated access /api/rooms/:roomId/activity
room diagnostic op_CEkz8XGW 401 unauthenticated access /api/rooms/:roomId/activity-unread-count
room diagnostic op_2TtsRmz0 401 unauthenticated access /api/rooms/:roomId/activity-read
room diagnostic op_YmMzfw9H 401 unauthenticated access /api/rooms/:roomId/activity-read-all
room diagnostic op_Y_QbkvP6 401 unauthenticated access /api/rooms/:roomId/read-horizon
room diagnostic op_Znpe6c4R 401 unauthenticated access /api/rooms/:roomId/read-horizon
room diagnostic op_UPcNMr4r 401 unauthenticated access /api/rooms/:roomId/saved
room diagnostic op_DtkCMP3f 401 unauthenticated access /api/rooms/:roomId/saved
room diagnostic op_24Jw2oom 401 unauthenticated access /api/rooms/:roomId/saved
room diagnostic op_A3UCkJn5 401 unauthenticated access /api/rooms/:roomId/saved/probe-id
room diagnostic op_HKXR5jxC 401 unauthenticated access /api/rooms/:roomId/guest-agent-links
room diagnostic op_1P72qAf- 401 unauthenticated access /api/rooms/:roomId/guest-invites
room diagnostic op_5aQTt1m0 401 unauthenticated access /api/rooms/:roomId/guest-invites-list
room diagnostic op_6tT55pR- 401 unauthenticated access /api/rooms/:roomId/guest-invites-revoke
room diagnostic op_euQ7R6db 401 unauthenticated access /api/rooms/:roomId/guest-invites-disconnect
room diagnostic op_38W4ubJE 401 unauthenticated access /api/rooms/:roomId/guest-invites-revoke-all
room diagnostic op_rzd11eSA 401 unauthenticated access /api/rooms/:roomId/guest-invites-upgrade
room diagnostic op_N5HNYVvV 401 unauthenticated access /api/rooms/:roomId/invitations/probe-id/revoke
room diagnostic op_WpCahNzx 401 unauthenticated access /api/rooms/:roomId/reminders
room diagnostic op_OiRdrhNx 401 unauthenticated access /api/rooms/:roomId/reminders
room diagnostic op_z4afIZjW 401 unauthenticated access /api/rooms/:roomId/outside-agents
room diagnostic op_mF_hKXSq 401 unauthenticated access /api/rooms/:roomId/outside-agents
room diagnostic op_M38madYd 401 unauthenticated access /api/rooms/:roomId/reply-requests
room diagnostic op_hbfU6bd9 401 unauthenticated access /api/rooms/:roomId/assistant
room diagnostic op_U-i5LpOB 401 unauthenticated access /api/rooms/:roomId/assistant
room diagnostic op_DknhPuv9 401 unauthenticated access /api/rooms/:roomId/assistant
room diagnostic op_rCw1WVO- 401 unauthenticated access /api/rooms/:roomId/request-runs
room diagnostic op_njx7Sv_X 401 unauthenticated access /api/rooms/:roomId/request-runs
room diagnostic op_gy-4kiJ_ 401 unauthenticated access /api/rooms/:roomId/reply-context
room diagnostic op_5s4Metfu 401 unauthenticated access /api/rooms/:roomId/reply-history
room diagnostic op_ciDxwQqN 401 unauthenticated access /api/rooms/:roomId/share-links
room diagnostic op_Dtq7dRyI 401 unauthenticated access /api/rooms/:roomId/share-links
room diagnostic op_Zf5D_3QN 401 unauthenticated access /api/rooms/:roomId/share-links-cancel
room diagnostic op_4GLqolJ5 401 unauthenticated access /api/rooms/:roomId/work-changes
room diagnostic op_hQEIg8Id 401 unauthenticated access /api/rooms/:roomId/work-discussion
room diagnostic op_w4_PRzww 401 unauthenticated access /api/rooms/:roomId/context
room diagnostic op_liC_AVjM 401 unauthenticated access /api/rooms/:roomId/activation-pack
room diagnostic op_IXtg91tu 401 unauthenticated access /api/rooms/:roomId/orient
room diagnostic op_NrTKJ1bv 401 unauthenticated access /api/rooms/:roomId/verification-policy
room diagnostic op_90yjsiJ8 401 unauthenticated access /api/rooms/:roomId/verification-policy
room diagnostic op_eMtkQaXr 401 unauthenticated access /api/rooms/:roomId/public-work/receipts/probe-id
room diagnostic op_e-aiv_vM 401 unauthenticated access /api/rooms/:roomId/public-work/receipts/probe-id
room diagnostic op_X9jJcN94 401 unauthenticated access /api/rooms/:roomId/public-work/receipts/probe-id/decide
room diagnostic op_SlYB3MwV 401 unauthenticated access /api/rooms/:roomId/public-work/receipts/probe-id/follow-up
room diagnostic op_SRR2d5lS 401 unauthenticated access /api/rooms/:roomId/public-work/receipts/probe-id/verify
room diagnostic op_dhoYfwyb 401 unauthenticated access /api/rooms/:roomId/public-work/results
room diagnostic op_Xx2h2RhX 401 unauthenticated access /api/rooms/:roomId/public-work/results
room diagnostic op_wRt7H3XI 401 unauthenticated access /api/rooms/:roomId/demigod-offers
room diagnostic op_N0aY0jkU 401 unauthenticated access /api/rooms/:roomId/demigod-offers
room diagnostic op_4TjmHQwv 401 unauthenticated access /api/rooms/:roomId/demigod-offers/probe-id
room diagnostic op_opeggTbh 401 unauthenticated access /api/rooms/:roomId/demigod-offers/probe-id/present
room diagnostic op_SJlTGNC6 401 unauthenticated access /api/rooms/:roomId/demigod-offers/probe-id/accept
room diagnostic op_4Zadb3t6 401 unauthenticated access /api/rooms/:roomId/demigod-offers/probe-id/decline
room diagnostic op_vi20J1K7 401 unauthenticated access /api/rooms/:roomId/demigod-offers/probe-id/expire
room diagnostic op_Hv8Ly76g 401 unauthenticated access /api/rooms/:roomId/demigod-offers/probe-id/withdraw
room diagnostic op_Dn0yNoaQ 401 unauthenticated access /api/rooms/:roomId/demigod-offers/probe-id/document
room diagnostic op_SaCs7PEV 401 unauthenticated access /api/rooms/:roomId/demigod-contracts
room diagnostic op_HE2ShOLE 401 unauthenticated access /api/rooms/:roomId/demigod-contracts
room diagnostic op_ZYJRQ3MX 401 unauthenticated access /api/rooms/:roomId/demigod-contracts/probe-id
room diagnostic op_jmhYj4-R 401 unauthenticated access /api/rooms/:roomId/demigod-contracts/probe-id/acknowledge
room diagnostic op_qI3KARig 401 unauthenticated access /api/rooms/:roomId/demigod-contracts/probe-id/complete
room diagnostic op_FiH2eSZW 401 unauthenticated access /api/rooms/:roomId/demigod-contracts/probe-id/terminate
room diagnostic op_5b81Ri7p 401 unauthenticated access /api/rooms/:roomId/signoff-loops
room diagnostic op_Pfk8GzA4 401 unauthenticated access /api/rooms/:roomId/signoff-loops
room diagnostic op_TNkwXCSV 401 unauthenticated access /api/rooms/:roomId/signoff-loops/probe-id
room diagnostic op_a-2bDPqv 401 unauthenticated access /api/rooms/:roomId/signoff-loops/probe-id/submit
room diagnostic op_QZYI76Ht 401 unauthenticated access /api/rooms/:roomId/signoff-loops/probe-id/review
room diagnostic op_umqz6E7q 401 unauthenticated access /api/rooms/:roomId/signoff-loops/probe-id/cancel
room diagnostic op_MKI35VhS 401 unauthenticated access /api/rooms/:roomId/signoff-loops/probe-id/status
room diagnostic op_XSmqIBwO 401 unauthenticated access /api/rooms/:roomId/trial-tasks
room diagnostic op_zEh7eMAV 401 unauthenticated access /api/rooms/:roomId/trial-tasks
room diagnostic op_ZJvBVakK 401 unauthenticated access /api/rooms/:roomId/trial-tasks/probe-id
room diagnostic op_DtVmydcd 401 unauthenticated access /api/rooms/:roomId/trial-tasks/probe-id/receipt
✔ every documented operation is served with its documented method (20797.470937ms)
✔ scratch parent honors TMPDIR, else defaults to repo-local .tmp (71.485959ms)
✔ concrete() uses a declared vocabulary where the server constrains the segment (0.31301ms)
ℹ tests 8
ℹ suites 0
ℹ pass 8
ℹ fail 0
ℹ cancelled 0
ℹ skipped 0
ℹ todo 0
ℹ duration_ms 27087.863944
