fatal: not a git repository (or any parent up to mount point /)
Stopping at filesystem boundary (GIT_DISCOVERY_ACROSS_FILESYSTEM not set).
node:internal/errors:986
  const err = new Error(message);
              ^

Error: Command failed: git rev-parse --show-toplevel
fatal: not a git repository (or any parent up to mount point /)
Stopping at filesystem boundary (GIT_DISCOVERY_ACROSS_FILESYSTEM not set).

    at genericNodeError (node:internal/errors:986:15)
    at wrappedFn (node:internal/errors:540:14)
    at checkExecSyncError (node:child_process:942:11)
    at execFileSync (node:child_process:978:15)
    at getDiff (file:///home/hatch/workspace/.g6-wt/fuzz-04/scripts/scan-secrets.mjs:57:16)
    at main (file:///home/hatch/workspace/.g6-wt/fuzz-04/scripts/scan-secrets.mjs:68:20)
    at file:///home/hatch/workspace/.g6-wt/fuzz-04/scripts/scan-secrets.mjs:109:1
    at ModuleJob.run (node:internal/modules/esm/module_job:561:25)
    at async node:internal/modules/esm/loader:647:26
    at async asyncRunEntryPointWithESMLoader (node:internal/modules/run_main:101:5) {
  status: 128,
  signal: null,
  output: [
    null,
    '',
    'fatal: not a git repository (or any parent up to mount point /)\n' +
      'Stopping at filesystem boundary (GIT_DISCOVERY_ACROSS_FILESYSTEM not set).\n'
  ],
  pid: 10783,
  stdout: '',
  stderr: 'fatal: not a git repository (or any parent up to mount point /)\n' +
    'Stopping at filesystem boundary (GIT_DISCOVERY_ACROSS_FILESYSTEM not set).\n'
}

Node.js v24.20.0
