{"event":"room.cold_start","durationMs":3283,"integrity":"eager","phases":{"schema":{"ms":686,"rowsRead":0},"plugin":{"ms":1088,"rowsRead":0},"fence":{"ms":580,"rowsRead":0},"verifies":{"ms":225,"rowsRead":0},"checksum":{"ms":0,"rowsRead":0}},"cpuMs":281,"heapBytes":31980584,"rooms":0,"sequences":0,"projectionBytes":0,"events":0}
ROOM_SECURITY_CONTACT is unset; /.well-known/security.txt returns 404
✔ classifier: 405 on the documented method is a method mismatch (7.900727ms)
✔ classifier: double 404 is not served; single 404 is a resource miss (0.279529ms)
✔ classifier: everything else holds (auth, validation, success) (11.89423ms)
✔ concrete() seeds the room id and dummies the rest (0.457026ms)
✔ report renders a summary, mismatch section and operation table (9.325024ms)
room diagnostic op_jK8d_p2c 401 unauthenticated access /api/rooms/:roomId/work-claims-read
room diagnostic op_mFwRAVqp 401 unauthenticated access /api/rooms/:roomId/project-offers/probe-id/claims
room diagnostic op_aXXYHFu2 401 unauthenticated access /api/rooms/:roomId/project-offers
room diagnostic op_SA1ROMSZ 401 unauthenticated access /api/rooms/:roomId/project-offers
room diagnostic op_fmHQN9-O 401 unauthenticated access /api/rooms/:roomId/project-offers
room diagnostic op_J6mBLmil 401 unauthenticated access /api/rooms/:roomId/project-offers/probe-id/publish
room diagnostic op_hOhYb4nG 401 unauthenticated access /api/rooms/:roomId/project-offers/probe-id/withdraw
room diagnostic op__EDCIT3Y 401 unauthenticated access /api/rooms/:roomId/conversation
room diagnostic op_JbkrXh67 401 unauthenticated access /api/rooms/:roomId/commands
room diagnostic op_i3B7s1kO 401 unauthenticated access /api/rooms/:roomId/events
room diagnostic op_0eIufrRi 401 unauthenticated access /api/rooms/:roomId/stream
room diagnostic op_n24AaEDr 401 unauthenticated access /api/rooms/:roomId/presence
room diagnostic op_JL0BBFl8 401 unauthenticated access /api/rooms/:roomId/export
room diagnostic op_-Hy5jBJG 401 unauthenticated access /api/rooms/:roomId/import
room diagnostic op_FPRgztKK 401 unauthenticated access /api/rooms/:roomId/messages/probe-id/thread
room diagnostic op_ojXldVoA 401 unauthenticated access /api/rooms/:roomId/search
room diagnostic op_jYmsICN9 401 unauthenticated access /api/rooms/:roomId/pins
room diagnostic op_Q_qW2V6v 401 unauthenticated access /api/rooms/:roomId/pins
room diagnostic op_qJcttKmm 401 unauthenticated access /api/rooms/:roomId/squads
room diagnostic op_fWmg0xXu 401 unauthenticated access /api/rooms/:roomId/squads
room diagnostic op_7FFhk69b 401 unauthenticated access /api/rooms/:roomId/squads/probe-id
room diagnostic op_BMJ0FuI4 401 unauthenticated access /api/rooms/:roomId/squads/probe-id/members
room diagnostic op_yRsHJjTL 401 unauthenticated access /api/rooms/:roomId/squads/probe-id/disband
room diagnostic op_0cNYt7HV 401 unauthenticated access /api/rooms/:roomId/typing
room diagnostic op_g4Be3PUa 401 unauthenticated access /api/rooms/:roomId/code
room diagnostic op_x86r9phq 401 unauthenticated access /api/rooms/:roomId/code
room diagnostic op_nU38Kb0n 401 unauthenticated access /api/rooms/:roomId/code/probe-id
room diagnostic op_FAYZQBWH 401 unauthenticated access /api/rooms/:roomId/code/probe-id/raw
room diagnostic op_9R9EZZTL 401 unauthenticated access /api/rooms/:roomId/code/probe-id/checks
room diagnostic op_9IWwXoZy 401 unauthenticated access /api/rooms/:roomId/files
room diagnostic op_Oj_luRY8 401 unauthenticated access /api/rooms/:roomId/files
room diagnostic op_4upipMTt 401 unauthenticated access /api/rooms/:roomId/files/probe-id
room diagnostic op_7yPVwSPp 401 unauthenticated access /api/rooms/:roomId/files/probe-id/commit
room diagnostic op_G745Zdzc 401 unauthenticated access /api/rooms/:roomId/identity-links
room diagnostic op_33JdtvfS 401 unauthenticated access /api/rooms/:roomId/identity-links
room diagnostic op_4EsJHYFj 401 unauthenticated access /api/rooms/:roomId/identity-links
room diagnostic op_FCaOrivw 401 unauthenticated access /api/rooms/:roomId/agent-pause
room diagnostic op_U8ujc1xU 401 unauthenticated access /api/rooms/:roomId/agent-pause
room diagnostic op_ObrKxZDd 401 unauthenticated access /api/rooms/:roomId/provider-heartbeats
room diagnostic op_U3NPB05Z 401 unauthenticated access /api/rooms/:roomId/spend-allowance
room diagnostic op_83D0WV4Z 401 unauthenticated access /api/rooms/:roomId/spend-allowance
room diagnostic op_M5FTxOtw 401 unauthenticated access /api/rooms/:roomId/spend-pricing
room diagnostic op_ap7FTR29 401 unauthenticated access /api/rooms/:roomId/spend-pricing
room diagnostic op_6-_8kEW0 401 unauthenticated access /api/rooms/:roomId/spend-grants
room diagnostic op_0WV5cknF 401 unauthenticated access /api/rooms/:roomId/spend-grants/probe-id
room diagnostic op_hYuve71b 401 unauthenticated access /api/rooms/:roomId/spend-grant
room diagnostic op_wpswmhMj 401 unauthenticated access /api/rooms/:roomId/usage
room diagnostic op_wGx_qFgw 401 unauthenticated access /api/rooms/:roomId/invitations
room diagnostic op_rek0Rl5v 401 unauthenticated access /api/rooms/:roomId/invitations
room diagnostic op_xjYtHI44 401 unauthenticated access /api/rooms/:roomId/access-review
room diagnostic op_POiJwxmC 401 unauthenticated access /api/rooms/:roomId/access-requests
room diagnostic op_aFCumVRf 401 unauthenticated access /api/rooms/:roomId/access-requests
room diagnostic op_J8AJYROw 401 unauthenticated access /api/rooms/:roomId/agents/overview
room diagnostic op_IdijromV 401 unauthenticated access /api/rooms/:roomId/members/me/wants-work
room diagnostic op_im1b1wIq 401 unauthenticated access /api/rooms/:roomId/members/me/wants-work
room diagnostic op_eZMvC3l5 401 unauthenticated access /api/rooms/:roomId/members/me/wants-work
room diagnostic op_Rgf8gbxg 401 unauthenticated access /api/rooms/:roomId/members/me/permission-requests
room diagnostic op_G9FdpQ8p 401 unauthenticated access /api/rooms/:roomId/access-requests/probe-id/decide
room diagnostic op_jwyxiMGI 401 unauthenticated access /api/rooms/:roomId/referrals
room diagnostic op_GYAXWeQA 401 unauthenticated access /api/rooms/:roomId/membership-delegation
room diagnostic op_ALrkgzcB 401 unauthenticated access /api/rooms/:roomId/membership-delegation/grant
room diagnostic op_NkJbgLR3 401 unauthenticated access /api/rooms/:roomId/membership-delegation/revoke
room diagnostic op_Ro3bOh4b 401 unauthenticated access /api/rooms/:roomId/owner-delegates
room diagnostic op_3gbv2wfG 401 unauthenticated access /api/rooms/:roomId/owner-delegates/grant
room diagnostic op_4omTyN-1 401 unauthenticated access /api/rooms/:roomId/owner-delegates/revoke
room diagnostic op_Ff6B-c_i 401 unauthenticated access /api/rooms/:roomId/ownership/transfer
room diagnostic op_MnZWGPjC 401 unauthenticated access /api/rooms/:roomId/capabilities
room diagnostic op_aJ-gJNAS 401 unauthenticated access /api/rooms/:roomId/work-sessions
room diagnostic op_gh2SXu4n 401 unauthenticated access /api/rooms/:roomId/work-sessions
room diagnostic op_ZpwpP88S 401 unauthenticated access /api/rooms/:roomId/work-context
room diagnostic op_eyb2f7rI 401 unauthenticated access /api/rooms/:roomId/work-result
room diagnostic op_bzWCLLEH 401 unauthenticated access /api/rooms/:roomId/return-brief
room diagnostic op_S6ExRZS3 401 unauthenticated access /api/rooms/:roomId/notifications
room diagnostic op_zFamHM7g 401 unauthenticated access /api/rooms/:roomId/cursor
room diagnostic op_aaHedcbw 401 unauthenticated access /api/rooms/:roomId/reports
room diagnostic op_kjVjmJxP 401 unauthenticated access /api/rooms/:roomId/reports
room diagnostic op_DJ98F5mj 401 unauthenticated access /api/rooms/:roomId/agent-inbox
room diagnostic op_mkR5XSwD 401 unauthenticated access /api/rooms/:roomId/next-actions
room diagnostic op_GZApFq9J 401 unauthenticated access /api/rooms/:roomId/next-actions-dismiss
room diagnostic op_zmCccz3x 401 unauthenticated access /api/rooms/:roomId/next-actions-suppressions
room diagnostic op_-7gxH3DV 401 unauthenticated access /api/rooms/:roomId/next-actions-suppressions
room diagnostic op_xU3WqjcN 401 unauthenticated access /api/rooms/:roomId/next-actions-dismissals
room diagnostic op_kS5yyeIE 401 unauthenticated access /api/rooms/:roomId/matchmaking/seeker
room diagnostic op_bq2PhKf_ 401 unauthenticated access /api/rooms/:roomId/matchmaking/openings
room diagnostic op_9zl9-W8H 401 unauthenticated access /api/rooms/:roomId/matchmaking/match
room diagnostic op_z_vFtGM3 401 unauthenticated access /api/rooms/:roomId/matchmaking/decisions
room diagnostic op_L3DIVPqo 401 unauthenticated access /api/rooms/:roomId/matchmaking/decisions/probe-id
room diagnostic op_oCel_VTg 401 unauthenticated access /api/rooms/:roomId/matchmaking/decisions/probe-id/answer
room diagnostic op_nytl5V1I 401 unauthenticated access /api/rooms/:roomId/work-claims
room diagnostic op_HEzIeTek 401 unauthenticated access /api/rooms/:roomId/work-claims
room diagnostic op___-Q_kxG 401 unauthenticated access /api/rooms/:roomId/work-claims/config
room diagnostic op_AQAAVWwx 401 unauthenticated access /api/rooms/:roomId/work-claims/config
room diagnostic op_yve86QzT 401 unauthenticated access /api/rooms/:roomId/work-claims/status
room diagnostic op_X3tDdPYf 401 unauthenticated access /api/rooms/:roomId/work-claims/sweep
room diagnostic op_BIc3_Qnr 401 unauthenticated access /api/rooms/:roomId/work-claims/duplicates
room diagnostic op_bjiQa59- 401 unauthenticated access /api/rooms/:roomId/work-claims/retention
room diagnostic op_7G17Wo9Y 401 unauthenticated access /api/rooms/:roomId/work-claims/probe-id
room diagnostic op_3vb01prs 401 unauthenticated access /api/rooms/:roomId/work-claims/probe-id/claim
room diagnostic op_Exju2fxU 401 unauthenticated access /api/rooms/:roomId/work-claims/probe-id/update
room diagnostic op_ljhwkG9k 401 unauthenticated access /api/rooms/:roomId/work-claims/probe-id/provenance
room diagnostic op_yJ0uYLVl 401 unauthenticated access /api/rooms/:roomId/work-claims/probe-id/premise-invalid
room diagnostic op_2UuLWITv 401 unauthenticated access /api/rooms/:roomId/work-claims/probe-id/review
room diagnostic op_HGzlCTnA 401 unauthenticated access /api/rooms/:roomId/work-claims/probe-id/release
room diagnostic op_688zVNWU 401 unauthenticated access /api/rooms/:roomId/work-claims/probe-id/close
room diagnostic op_iEy3HB6h 401 unauthenticated access /api/rooms/:roomId/work-claims/probe-id/cancel
room diagnostic op_RKwPmI_s 401 unauthenticated access /api/rooms/:roomId/work-claims/probe-id/reassign
room diagnostic op_INGkleQ7 401 unauthenticated access /api/rooms/:roomId/board/:item/claims
room diagnostic op_rorFp6NH 401 unauthenticated access /api/rooms/:roomId/board/:item/claims
room diagnostic op_7C3l-3nI 401 unauthenticated access /api/rooms/:roomId/board/:item/claims/probe-id/heartbeat
room diagnostic op_1Jos9Lg- 401 unauthenticated access /api/rooms/:roomId/board/:item/claims/probe-id/release
room diagnostic op_EIbWS_mR 401 unauthenticated access /api/rooms/:roomId/board/:item/claims/probe-id/receipts
room diagnostic op_sjlssquS 401 unauthenticated access /api/rooms/:roomId/board/:item/board
room diagnostic op_mWmMDkqh 401 unauthenticated access /api/rooms/:roomId/board/:item/events
room diagnostic op_SEZsrH2h 401 unauthenticated access /api/rooms/:roomId/board/:item/notes
room diagnostic op_3cT24S2x 401 unauthenticated access /api/rooms/:roomId/board/:item/notes
room diagnostic op_qMzD-jVM 401 unauthenticated access /api/rooms/:roomId/board/:item/findings
room diagnostic op_8MvGAaQt 401 unauthenticated access /api/rooms/:roomId/board/:item/findings
room diagnostic op_UmDPDaoz 401 unauthenticated access /api/rooms/:roomId/board/:item/decisions
room diagnostic op_SGUBi3Gd 401 unauthenticated access /api/rooms/:roomId/board/:item/decisions
room diagnostic op_xYDDYXkh 401 unauthenticated access /api/rooms/:roomId/board/:item/mirror-map
room diagnostic op_cg9fjRU- 401 unauthenticated access /api/rooms/:roomId/board/:item/mirror-map
room diagnostic op_owlU56PF 401 unauthenticated access /api/rooms/:roomId/board/:item/health
room diagnostic op_pedz3qMq 401 unauthenticated access /api/rooms/:roomId/receipts
room diagnostic op_ViakxdJ0 401 unauthenticated access /api/rooms/:roomId/work-claims/probe-id/renew
room diagnostic op_KCSHOKrj 401 unauthenticated access /api/rooms/:roomId/feedback
room diagnostic op_N9_5IOrW 401 unauthenticated access /api/rooms/:roomId/feedback
room diagnostic op_XW6C2dAd 401 unauthenticated access /api/rooms/:roomId/feedback/queue
room diagnostic op_YkAN_-J- 401 unauthenticated access /api/rooms/:roomId/feedback/notifications
room diagnostic op_qnhAk7gg 401 unauthenticated access /api/rooms/:roomId/feedback/probe-id
room diagnostic op_9ObZwSwj 401 unauthenticated access /api/rooms/:roomId/feedback/probe-id/triage
room diagnostic op_hA1GN7tl 401 unauthenticated access /api/rooms/:roomId/feedback/probe-id/appeal
room diagnostic op_ycQlaPeJ 401 unauthenticated access /api/rooms/:roomId/feedback/probe-id/appeal/decision
room diagnostic op__OAKPwKR 401 unauthenticated access /api/rooms/:roomId/feedback/probe-id/outcome
room diagnostic op_siSiv_HR 401 unauthenticated access /api/rooms/:roomId/bounties
room diagnostic op_Ayi9SogF 401 unauthenticated access /api/rooms/:roomId/bounties
room diagnostic op_vKekyRgG 401 unauthenticated access /api/rooms/:roomId/bounties/probe-id/fund
room diagnostic op_4lSHQtTu 401 unauthenticated access /api/rooms/:roomId/bounties/probe-id/rubric
room diagnostic op_VYRQLQs0 401 unauthenticated access /api/rooms/:roomId/bounties/reviews
room diagnostic op_bd3n7Vq8 401 unauthenticated access /api/rooms/:roomId/bounties/reputation-reviews
room diagnostic op_j3JXM1rv 401 unauthenticated access /api/rooms/:roomId/bounties/sybil-flags
room diagnostic op_Tc_-fxCd 401 unauthenticated access /api/rooms/:roomId/bounties/sybil-flags/probe-id/dismiss
room diagnostic op_ZM6mwPnp 401 unauthenticated access /api/rooms/:roomId/bounties/sybil-flags/probe-id/confirm
room diagnostic op_Fn1jm3y8 401 unauthenticated access /api/rooms/:roomId/bounties/probe-id/decline
room diagnostic op_ARFI_v6o 401 unauthenticated access /api/rooms/:roomId/bounties/probe-id/snooze
room diagnostic op_w6DXOtsa 401 unauthenticated access /api/rooms/:roomId/bounties/probe-id/duplicate
room diagnostic op_0fIkyktx 401 unauthenticated access /api/rooms/:roomId/bounties/probe-id/claim
room diagnostic op_A_ZkIYq0 401 unauthenticated access /api/rooms/:roomId/bounties/probe-id/watch
room diagnostic op_AyCDb0YE 401 unauthenticated access /api/rooms/:roomId/bounties/probe-id/submit
room diagnostic op_WLLbmU4x 401 unauthenticated access /api/rooms/:roomId/bounties/probe-id/accept
room diagnostic op_RPTVV_RB 401 unauthenticated access /api/rooms/:roomId/bounties/probe-id/reject
room diagnostic op_4m1saNIZ 401 unauthenticated access /api/rooms/:roomId/bounties/probe-id/dispute
room diagnostic op_4yJjw5JS 401 unauthenticated access /api/rooms/:roomId/bounties/probe-id/dispute/decide
room diagnostic op_ghQDF5rq 401 unauthenticated access /api/rooms/:roomId/bounties/probe-id/finalize
room diagnostic op_e4s2KqMj 401 unauthenticated access /api/rooms/:roomId/credits/balances/probe-id
room diagnostic op_oLOb6MKl 401 unauthenticated access /api/rooms/:roomId/credits/history/probe-id
room diagnostic op_TXU7JBmE 401 unauthenticated access /api/rooms/:roomId/credits/transfer
room diagnostic op_ybujVx_q 401 unauthenticated access /api/rooms/:roomId/credits/epoch/close
room diagnostic op_MfqbWlJr 401 unauthenticated access /api/rooms/:roomId/:item
room diagnostic op_YvY1F1Bc 401 unauthenticated access /api/rooms/:roomId/:item
room diagnostic op_IKi-mtnO 401 unauthenticated access /api/rooms/:roomId/:item
room diagnostic op_9lFBEAit 401 unauthenticated access /api/rooms/:roomId/:item
room diagnostic op_hV3hdGKh 401 unauthenticated access /api/rooms/:roomId/bonds
room diagnostic op_YcPF0kob 401 unauthenticated access /api/rooms/:roomId/peer-dms
room diagnostic op_XjeMP5Rw 401 unauthenticated access /api/rooms/:roomId/peer-dms/probe-id
room diagnostic op_8P5rKXIz 401 unauthenticated access /api/rooms/:roomId/dm-consents
room diagnostic op_14UMxMpi 401 unauthenticated access /api/rooms/:roomId/dm-consents
room diagnostic op_3TLe1V7e 401 unauthenticated access /api/rooms/:roomId/dm-consents/probe-id/decide
room diagnostic op_U_PHKMCn 401 unauthenticated access /api/rooms/:roomId/dm-consents/revoke
room diagnostic op_zLp5JFe9 401 unauthenticated access /api/rooms/:roomId/dm-consents/unblock
room diagnostic op_l_7ji9Q0 401 unauthenticated access /api/rooms/:roomId/dm-consents/block
room diagnostic op_cJLQPz95 401 unauthenticated access /api/rooms/:roomId/public-face
room diagnostic op_0nKbGqyC 401 unauthenticated access /api/rooms/:roomId/public-face
room diagnostic op_KpWpfOTG 401 unauthenticated access /api/rooms/:roomId/directory
room diagnostic op_syujrAq- 401 unauthenticated access /api/rooms/:roomId/directory
room diagnostic op_-Y4JtSU6 401 unauthenticated access /api/rooms/:roomId/opportunities
room diagnostic op_6booc-9e 401 unauthenticated access /api/rooms/:roomId/opportunities
room diagnostic op_6QPCfpcW 401 unauthenticated access /api/rooms/:roomId/public-face/rotate
room diagnostic op_1wWOqdyx 401 unauthenticated access /api/rooms/:roomId/updates
room diagnostic op_3P40M5Wh 401 unauthenticated access /api/rooms/:roomId/updates/probe-id/read
room diagnostic op_lfGamsSH 401 unauthenticated access /api/rooms/:roomId/updates/probe-id/done
room diagnostic op_7BtjFrVv 401 unauthenticated access /api/rooms/:roomId/updates/probe-id/clear
room diagnostic op_63FUyNPR 401 unauthenticated access /api/rooms/:roomId/collab/assignments
room diagnostic op_Jq9m0WgX 401 unauthenticated access /api/rooms/:roomId/collab/assignments
room diagnostic op_9xv7U-Xp 401 unauthenticated access /api/rooms/:roomId/collab/assignments/probe-id/release
room diagnostic op_at1qxYKu 401 unauthenticated access /api/rooms/:roomId/collab/notes
room diagnostic op_dgcN_GiA 401 unauthenticated access /api/rooms/:roomId/collab/notes
room diagnostic op_N7QzpLRq 401 unauthenticated access /api/rooms/:roomId/collab/draft-locks/acquire
room diagnostic op_1OMZ4ddU 401 unauthenticated access /api/rooms/:roomId/collab/draft-locks/release
room diagnostic op_Xf3OZRNZ 401 unauthenticated access /api/rooms/:roomId/collab/draft-locks
room diagnostic op_8OhU_PCT 401 unauthenticated access /api/rooms/:roomId/collab/approvals
room diagnostic op_NKfbzhk_ 401 unauthenticated access /api/rooms/:roomId/collab/approvals
room diagnostic op_prvB1ptB 401 unauthenticated access /api/rooms/:roomId/collab/approvals/probe-id/decide
room diagnostic op_cF4-wfBo 401 unauthenticated access /api/rooms/:roomId/collab/approvals/probe-id/resubmit
room diagnostic op_YvWTQUfM 401 unauthenticated access /api/rooms/:roomId/collab/routing/mentions
room diagnostic op_q9XnZynZ 401 unauthenticated access /api/rooms/:roomId/collab/routing
room diagnostic op_H_TBFmEo 401 unauthenticated access /api/rooms/:roomId/collab/routing/probe-id/resolve
room diagnostic op_v1x4zj3S 401 unauthenticated access /api/rooms/:roomId/collab/routing/policy
room diagnostic op_zTpV6nMG 401 unauthenticated access /api/rooms/:roomId/collab/handoffs
room diagnostic op_AxOuMTld 401 unauthenticated access /api/rooms/:roomId/collab/handoffs
room diagnostic op_rwwsn52l 401 unauthenticated access /api/rooms/:roomId/collab/handoffs/probe-id/transition
room diagnostic op_40aQN16W 401 unauthenticated access /api/rooms/:roomId/collab/envelopes
room diagnostic op_9Jn7JaMu 401 unauthenticated access /api/rooms/:roomId/collab/envelopes
room diagnostic op_OCCz7d59 401 unauthenticated access /api/rooms/:roomId/collab/envelopes/probe-id/transition
room diagnostic op_2NBfD4bB 401 unauthenticated access /api/rooms/:roomId/collab/envelopes/sweep
room diagnostic op_oFapCiwl 401 unauthenticated access /api/rooms/:roomId/collab/envelopes/metrics
room diagnostic op_F7PYTeq4 401 unauthenticated access /api/rooms/:roomId
room diagnostic op_51o3u09s 401 unauthenticated access /api/rooms/:roomId/agent-connections
room diagnostic op_C9zZQ413 401 unauthenticated access /api/rooms/:roomId/agent-connections
room diagnostic op_gWWEw0Lz 401 unauthenticated access /api/rooms/:roomId/agent-invites
room diagnostic op_C-th4bJg 401 unauthenticated access /api/rooms/:roomId/agent-invites
room diagnostic op_MWtguwxU 401 unauthenticated access /api/rooms/:roomId/agent-invites
room diagnostic op_xAJMPRsW 401 unauthenticated access /api/rooms/:roomId/referral-invites
room diagnostic op_DV3nJevU 401 unauthenticated access /api/rooms/:roomId/charter
room diagnostic op_3ReE11J7 401 unauthenticated access /api/rooms/:roomId/diagnostics
room diagnostic op_1WVUsxw2 401 unauthenticated access /api/rooms/:roomId/diagnostics-export
room diagnostic op_AbLQP_nU 401 unauthenticated access /api/rooms/:roomId/needs-attention
room diagnostic op_WFzyb4Yy 401 unauthenticated access /api/rooms/:roomId/jev-shadow
room diagnostic op_6xswfNUu 401 unauthenticated access /api/rooms/:roomId/mentions
room diagnostic op_wcHglmn1 401 unauthenticated access /api/rooms/:roomId/open-questions
room diagnostic op_uKzqoXtO 401 unauthenticated access /api/rooms/:roomId/mentions/probe-id/ack
room diagnostic op_7o9Mpwt1 401 unauthenticated access /api/rooms/:roomId/mentions/settings
room diagnostic op_vliLNdLP 401 unauthenticated access /api/rooms/:roomId/members/probe-id
room diagnostic op_PqaZk48L 401 unauthenticated access /api/rooms/:roomId/members/probe-id/card
room diagnostic op_diJjvgoq 401 unauthenticated access /api/rooms/:roomId/directory/seed
room diagnostic op_Ici6_Aso 401 unauthenticated access /api/rooms/:roomId/operator/agents/probe-id
room diagnostic op_0gBepbY9 401 unauthenticated access /api/rooms/:roomId/operator/agents/probe-id
room diagnostic op_lk6Q1s4O 401 unauthenticated access /api/rooms/:roomId/agent-grants
room diagnostic op_l3baWEuc 401 unauthenticated access /api/rooms/:roomId/agent-grants
room diagnostic op_0q20m5DH 401 unauthenticated access /api/rooms/:roomId/agent-grants/probe-id/probe-id
room diagnostic op_DxFseLF- 401 unauthenticated access /api/rooms/:roomId/agent-capabilities
room diagnostic op_lMrflC0J 401 unauthenticated access /api/rooms/:roomId/human-push
room diagnostic op_O9B1TzAE 401 unauthenticated access /api/rooms/:roomId/human-push
room diagnostic op_7nj3RxYA 401 unauthenticated access /api/rooms/:roomId/human-push
room diagnostic op_jOrQoszV 401 unauthenticated access /api/rooms/:roomId/human-push
room diagnostic op_5fccESbv 401 unauthenticated access /api/rooms/:roomId/thread-mutes
room diagnostic op_dBOwkKfX 401 unauthenticated access /api/rooms/:roomId/thread-mutes
room diagnostic op_G5ci118v 401 unauthenticated access /api/rooms/:roomId/activity
room diagnostic op_2TNXsKMv 401 unauthenticated access /api/rooms/:roomId/activity-unread-count
room diagnostic op_50GSWXDM 401 unauthenticated access /api/rooms/:roomId/activity-read
room diagnostic op_rrqLK_Qh 401 unauthenticated access /api/rooms/:roomId/activity-read-all
room diagnostic op_f7hgslVh 401 unauthenticated access /api/rooms/:roomId/read-horizon
room diagnostic op_WVc2z5Iq 401 unauthenticated access /api/rooms/:roomId/read-horizon
room diagnostic op_h4tYNtjM 401 unauthenticated access /api/rooms/:roomId/saved
room diagnostic op_xgDX8V-2 401 unauthenticated access /api/rooms/:roomId/saved
room diagnostic op_3PNjoud3 401 unauthenticated access /api/rooms/:roomId/saved
room diagnostic op_v3M_jO2c 401 unauthenticated access /api/rooms/:roomId/saved/probe-id
room diagnostic op_owwhH1AC 401 unauthenticated access /api/rooms/:roomId/guest-agent-links
room diagnostic op_Jc3DNPOL 401 unauthenticated access /api/rooms/:roomId/guest-invites
room diagnostic op_kiVxNYV9 401 unauthenticated access /api/rooms/:roomId/guest-invites-list
room diagnostic op_REI98RAO 401 unauthenticated access /api/rooms/:roomId/guest-invites-revoke
room diagnostic op_i0y0_iz5 401 unauthenticated access /api/rooms/:roomId/guest-invites-disconnect
room diagnostic op_ipdU8q_1 401 unauthenticated access /api/rooms/:roomId/guest-invites-revoke-all
room diagnostic op_sEYroMLy 401 unauthenticated access /api/rooms/:roomId/guest-invites-upgrade
room diagnostic op_2ZUS4D1I 401 unauthenticated access /api/rooms/:roomId/invitations/probe-id/revoke
room diagnostic op_g364LRQt 401 unauthenticated access /api/rooms/:roomId/reminders
room diagnostic op_6rCdv108 401 unauthenticated access /api/rooms/:roomId/reminders
room diagnostic op_Qn0-pMv3 401 unauthenticated access /api/rooms/:roomId/outside-agents
room diagnostic op_7h51mPos 401 unauthenticated access /api/rooms/:roomId/outside-agents
room diagnostic op_k-61mBUZ 401 unauthenticated access /api/rooms/:roomId/reply-requests
room diagnostic op_Su3QgluV 401 unauthenticated access /api/rooms/:roomId/assistant
room diagnostic op_yKb5W4G- 401 unauthenticated access /api/rooms/:roomId/assistant
room diagnostic op_BTFsIxxj 401 unauthenticated access /api/rooms/:roomId/assistant
room diagnostic op_e32_QhZj 401 unauthenticated access /api/rooms/:roomId/request-runs
room diagnostic op_mFSxrC6V 401 unauthenticated access /api/rooms/:roomId/request-runs
room diagnostic op_Vs5bl4go 401 unauthenticated access /api/rooms/:roomId/reply-context
room diagnostic op_KPWQluK8 401 unauthenticated access /api/rooms/:roomId/reply-history
room diagnostic op_wR-Nwzpt 401 unauthenticated access /api/rooms/:roomId/share-links
room diagnostic op_LBHcdALD 401 unauthenticated access /api/rooms/:roomId/share-links
room diagnostic op_c3fXEZeH 401 unauthenticated access /api/rooms/:roomId/share-links-cancel
room diagnostic op_fRhvPr_6 401 unauthenticated access /api/rooms/:roomId/work-changes
room diagnostic op_f12VIaYC 401 unauthenticated access /api/rooms/:roomId/work-discussion
room diagnostic op_P9ttqPiP 401 unauthenticated access /api/rooms/:roomId/context
room diagnostic op_Il0eLVo2 401 unauthenticated access /api/rooms/:roomId/activation-pack
room diagnostic op_k3xJmvUR 401 unauthenticated access /api/rooms/:roomId/orient
room diagnostic op_Tp5V_9SS 401 unauthenticated access /api/rooms/:roomId/verification-policy
room diagnostic op_hOqvKOS7 401 unauthenticated access /api/rooms/:roomId/verification-policy
room diagnostic op_fcUJdAZV 401 unauthenticated access /api/rooms/:roomId/public-work/receipts/probe-id
room diagnostic op_dyoKA6Qk 401 unauthenticated access /api/rooms/:roomId/public-work/receipts/probe-id
room diagnostic op_UUDDW_w8 401 unauthenticated access /api/rooms/:roomId/public-work/receipts/probe-id/decide
room diagnostic op_8S582-c0 401 unauthenticated access /api/rooms/:roomId/public-work/receipts/probe-id/follow-up
room diagnostic op_vx6JbNBT 401 unauthenticated access /api/rooms/:roomId/public-work/receipts/probe-id/verify
room diagnostic op_YR0bwHhK 401 unauthenticated access /api/rooms/:roomId/public-work/results
room diagnostic op_dQPzD1rK 401 unauthenticated access /api/rooms/:roomId/public-work/results
room diagnostic op_l-P1er2L 401 unauthenticated access /api/rooms/:roomId/demigod-offers
room diagnostic op_cvXiwHsy 401 unauthenticated access /api/rooms/:roomId/demigod-offers
room diagnostic op_QPywQGkH 401 unauthenticated access /api/rooms/:roomId/demigod-offers/probe-id
room diagnostic op_6_11jX2f 401 unauthenticated access /api/rooms/:roomId/demigod-offers/probe-id/present
room diagnostic op_aaLdB4sE 401 unauthenticated access /api/rooms/:roomId/demigod-offers/probe-id/accept
room diagnostic op_YWPtPhHw 401 unauthenticated access /api/rooms/:roomId/demigod-offers/probe-id/decline
room diagnostic op_vrHfwRij 401 unauthenticated access /api/rooms/:roomId/demigod-offers/probe-id/expire
room diagnostic op_LJ7DcN3U 401 unauthenticated access /api/rooms/:roomId/demigod-offers/probe-id/withdraw
room diagnostic op_bJk3JiUT 401 unauthenticated access /api/rooms/:roomId/demigod-offers/probe-id/document
room diagnostic op_5IArb-mB 401 unauthenticated access /api/rooms/:roomId/demigod-contracts
room diagnostic op_JY_-RqJu 401 unauthenticated access /api/rooms/:roomId/demigod-contracts
room diagnostic op_zP35TQaF 401 unauthenticated access /api/rooms/:roomId/demigod-contracts/probe-id
room diagnostic op_DV4etVKB 401 unauthenticated access /api/rooms/:roomId/demigod-contracts/probe-id/acknowledge
room diagnostic op_V15DO51c 401 unauthenticated access /api/rooms/:roomId/demigod-contracts/probe-id/complete
room diagnostic op_IRSCsvKn 401 unauthenticated access /api/rooms/:roomId/demigod-contracts/probe-id/terminate
room diagnostic op_ar-C7_pt 401 unauthenticated access /api/rooms/:roomId/signoff-loops
room diagnostic op_zCJKkw2b 401 unauthenticated access /api/rooms/:roomId/signoff-loops
room diagnostic op_6b2mMX9z 401 unauthenticated access /api/rooms/:roomId/signoff-loops/probe-id
room diagnostic op_8NrbeP6T 401 unauthenticated access /api/rooms/:roomId/signoff-loops/probe-id/submit
room diagnostic op_DwDblZ1N 401 unauthenticated access /api/rooms/:roomId/signoff-loops/probe-id/review
room diagnostic op_UIWrTFZX 401 unauthenticated access /api/rooms/:roomId/signoff-loops/probe-id/cancel
room diagnostic op_kdbrSx8Q 401 unauthenticated access /api/rooms/:roomId/signoff-loops/probe-id/status
room diagnostic op_0Jk_-mpY 401 unauthenticated access /api/rooms/:roomId/trial-tasks
room diagnostic op_kMlOV3QS 401 unauthenticated access /api/rooms/:roomId/trial-tasks
room diagnostic op_qxwFB7RK 401 unauthenticated access /api/rooms/:roomId/trial-tasks/probe-id
room diagnostic op_xqgt8ZLu 401 unauthenticated access /api/rooms/:roomId/trial-tasks/probe-id/receipt
✔ every documented operation is served with its documented method (35054.227299ms)
✔ scratch parent honors TMPDIR, else defaults to repo-local .tmp (25.486948ms)
✔ concrete() uses a declared vocabulary where the server constrains the segment (21.75023ms)
ℹ tests 8
ℹ suites 0
ℹ pass 8
ℹ fail 0
ℹ cancelled 0
ℹ skipped 0
ℹ todo 0
ℹ duration_ms 48150.028108
