{"event":"room.cold_start","durationMs":1204,"integrity":"eager","phases":{"schema":{"ms":158,"rowsRead":0},"plugin":{"ms":376,"rowsRead":0},"fence":{"ms":421,"rowsRead":0},"verifies":{"ms":59,"rowsRead":0},"checksum":{"ms":0,"rowsRead":0}},"cpuMs":177,"heapBytes":35861568,"rooms":0,"sequences":0,"projectionBytes":0,"events":0}
ROOM_SECURITY_CONTACT is unset; /.well-known/security.txt returns 404
room diagnostic op_eQU66UCH 429 stream_limit rate_limited /api/rooms/:roomId/stream
room diagnostic op_txB49Vyc 429 stream_limit rate_limited /api/rooms/:roomId/stream
room diagnostic op_XjOiZzLs 429 stream_limit rate_limited /api/rooms/:roomId/stream
room diagnostic op_G6S0NLWp 429 stream_limit rate_limited /api/rooms/:roomId/stream
room diagnostic op_5HipcC1_ 429 stream_limit rate_limited /api/rooms/:roomId/stream
room diagnostic op_cPoDDvGI 429 stream_limit rate_limited /api/rooms/:roomId/stream
room diagnostic op_GDSMUr3n 429 stream_limit rate_limited /api/rooms/:roomId/stream
room diagnostic op_6Shaeeh9 429 stream_limit rate_limited /api/rooms/:roomId/stream
room diagnostic op_rnGGL2tE 429 stream_limit rate_limited /api/rooms/:roomId/stream
room diagnostic op_T4ko1ZG7 429 stream_limit rate_limited /api/rooms/:roomId/stream
room diagnostic op_ng20uhz5 429 stream_limit rate_limited /api/rooms/:roomId/stream
room diagnostic op_UsZeLGOD 429 stream_limit rate_limited /api/rooms/:roomId/stream
room diagnostic op_6_BoU7lB 429 stream_limit rate_limited /api/rooms/:roomId/stream
room diagnostic op_FUrSPN8A 429 stream_limit rate_limited /api/rooms/:roomId/stream
room diagnostic op_2a2WSU8s 429 stream_limit rate_limited /api/rooms/:roomId/stream
room diagnostic op_8288V5iS 429 stream_limit rate_limited /api/rooms/:roomId/stream
room diagnostic op_kVVHqg2N 429 stream_limit rate_limited /api/rooms/:roomId/stream
room diagnostic op_oZAKsgDJ 429 stream_limit rate_limited /api/rooms/:roomId/stream
room diagnostic op_f_p03RfX 429 stream_limit rate_limited /api/rooms/:roomId/stream
room diagnostic op_DSaY405r 429 stream_limit rate_limited /api/rooms/:roomId/stream
room diagnostic op_HycSuAB8 429 stream_limit rate_limited /api/rooms/:roomId/stream
room diagnostic op_LqLlvLRH 429 stream_limit rate_limited /api/rooms/:roomId/stream
room diagnostic op_ZBxd6C2Q 429 stream_limit rate_limited /api/rooms/:roomId/stream
room diagnostic op_4WX6IQFe 429 stream_limit rate_limited /api/rooms/:roomId/stream
room diagnostic op_CHJGPTKM 429 stream_limit rate_limited /api/rooms/:roomId/stream
room diagnostic op_FK9I8M7x 429 stream_limit rate_limited /api/rooms/:roomId/stream
room diagnostic op_lczflD_M 429 stream_limit rate_limited /api/rooms/:roomId/stream
room diagnostic op_ep5xRhYn 429 stream_limit rate_limited /api/rooms/:roomId/stream
room diagnostic op_71AD2BWR 429 stream_limit rate_limited /api/rooms/:roomId/stream
room diagnostic op_38FCUI3o 429 stream_limit rate_limited /api/rooms/:roomId/stream
room diagnostic op_lW8drA0w 429 stream_limit rate_limited /api/rooms/:roomId/stream
room diagnostic op_szgVdkNe 429 stream_limit rate_limited /api/rooms/:roomId/stream
room diagnostic op_JkencIJ1 429 stream_limit rate_limited /api/rooms/:roomId/stream
room diagnostic op_k1bUde58 429 stream_limit rate_limited /api/rooms/:roomId/stream
room diagnostic op_RY7vELmv 429 stream_limit rate_limited /api/rooms/:roomId/stream
room diagnostic op_YnJrPdZg 429 stream_limit rate_limited /api/rooms/:roomId/stream
room diagnostic op_pSNTqtfm 429 stream_limit rate_limited /api/rooms/:roomId/stream
room diagnostic op_nDBgnQWU 429 stream_limit rate_limited /api/rooms/:roomId/stream
room diagnostic op_d1O4Kzhz 429 stream_limit rate_limited /api/rooms/:roomId/stream
room diagnostic op_TZlFqk9b 429 stream_limit rate_limited /api/rooms/:roomId/stream
room diagnostic op_kevxzrBr 429 stream_limit rate_limited /api/rooms/:roomId/stream
room diagnostic op_NU2w_uL6 429 stream_limit rate_limited /api/rooms/:roomId/stream
room diagnostic op_6a5nPKnN 429 stream_limit rate_limited /api/rooms/:roomId/stream
room diagnostic op_S1qgmNNL 429 stream_limit rate_limited /api/rooms/:roomId/stream
room diagnostic op_BzqnM19X 429 stream_limit rate_limited /api/rooms/:roomId/stream
room diagnostic op_WtInUBTy 429 stream_limit rate_limited /api/rooms/:roomId/stream
room diagnostic op_s3_T2745 429 stream_limit rate_limited /api/rooms/:roomId/stream
room diagnostic op_QCEI8A3d 429 stream_limit rate_limited /api/rooms/:roomId/stream
room diagnostic op_95jTw6Yh 429 stream_limit rate_limited /api/rooms/:roomId/stream
room diagnostic op_Zel652uz 429 stream_limit rate_limited /api/rooms/:roomId/stream
room diagnostic op_9UDnsRxo 429 stream_limit rate_limited /api/rooms/:roomId/stream
room diagnostic op_FCN23xpP 429 stream_limit rate_limited /api/rooms/:roomId/stream
room diagnostic op_OsjIf0rp 429 stream_limit rate_limited /api/rooms/:roomId/stream
room diagnostic op_BJGT9BMV 429 stream_limit rate_limited /api/rooms/:roomId/stream
room diagnostic op_KDrMCuUa 429 stream_limit rate_limited /api/rooms/:roomId/stream
room diagnostic op_11RAoAmt 429 stream_limit rate_limited /api/rooms/:roomId/stream
room diagnostic op_Zr0bZqHw 429 stream_limit rate_limited /api/rooms/:roomId/stream
room diagnostic op_muVDFn_R 429 stream_limit rate_limited /api/rooms/:roomId/stream
room diagnostic op_ZQKWoeuT 429 stream_limit rate_limited /api/rooms/:roomId/stream
room diagnostic op_yMWB8KTh 429 stream_limit rate_limited /api/rooms/:roomId/stream
room diagnostic op_o0Z1Hydz 429 stream_limit rate_limited /api/rooms/:roomId/stream
room diagnostic op_ASYKnn_f 429 stream_limit rate_limited /api/rooms/:roomId/stream
room diagnostic op_MenOLPun 429 stream_limit rate_limited /api/rooms/:roomId/stream
room diagnostic op__5yi_YRo 429 stream_limit rate_limited /api/rooms/:roomId/stream
room diagnostic op_R6Qp5CyH 429 stream_limit rate_limited /api/rooms/:roomId/stream
room diagnostic op_t5X3Ucu4 429 stream_limit rate_limited /api/rooms/:roomId/stream
room diagnostic op_HcWG2yBh 429 stream_limit rate_limited /api/rooms/:roomId/stream
room diagnostic op_dGJIrncK 429 stream_limit rate_limited /api/rooms/:roomId/stream
room diagnostic op_yzmeB-VF 429 stream_limit rate_limited /api/rooms/:roomId/stream
room diagnostic op_I3o-3TFJ 429 stream_limit rate_limited /api/rooms/:roomId/stream
room diagnostic op_wtXljRjm 429 stream_limit rate_limited /api/rooms/:roomId/stream
room diagnostic op_I2kI6em3 429 stream_limit rate_limited /api/rooms/:roomId/stream
room diagnostic op_0eQJyicB 429 stream_limit rate_limited /api/rooms/:roomId/stream
room diagnostic op_18rI1LWv 429 stream_limit rate_limited /api/rooms/:roomId/stream
room diagnostic op_7fKe6ovn 429 stream_limit rate_limited /api/rooms/:roomId/stream
room diagnostic op_01SbOfYP 429 stream_limit rate_limited /api/rooms/:roomId/stream
room diagnostic op_LDQQ2GO9 429 stream_limit rate_limited /api/rooms/:roomId/stream
room diagnostic op_soaRJf_e 429 stream_limit rate_limited /api/rooms/:roomId/stream
room diagnostic op_vIuzgNa0 429 stream_limit rate_limited /api/rooms/:roomId/stream
room diagnostic op_73DCrbi5 429 stream_limit rate_limited /api/rooms/:roomId/stream
room diagnostic op_OH_lKn2r 429 stream_limit rate_limited /api/rooms/:roomId/stream
room diagnostic op_xYn-EhM9 429 stream_limit rate_limited /api/rooms/:roomId/stream
room diagnostic op_TCZkuYTB 429 stream_limit rate_limited /api/rooms/:roomId/stream
room diagnostic op_XFtPrJdA 429 stream_limit rate_limited /api/rooms/:roomId/stream
room diagnostic op_g_TLY02s 429 stream_limit rate_limited /api/rooms/:roomId/stream
room diagnostic op_G3u102Cu 429 stream_limit rate_limited /api/rooms/:roomId/stream
room diagnostic op_XLjq9qGL 429 stream_limit rate_limited /api/rooms/:roomId/stream
room diagnostic op_cdSDFtG1 429 stream_limit rate_limited /api/rooms/:roomId/stream
room diagnostic op_MDx0KBSS 429 stream_limit rate_limited /api/rooms/:roomId/stream
room diagnostic op_AnelG2b8 429 stream_limit rate_limited /api/rooms/:roomId/stream
room diagnostic op_E4mwZ9im 429 stream_limit rate_limited /api/rooms/:roomId/stream
room diagnostic op_1WcA6yBD 429 stream_limit rate_limited /api/rooms/:roomId/stream
room diagnostic op_LKJ99JLT 429 stream_limit rate_limited /api/rooms/:roomId/stream
room diagnostic op_U091d2Uc 429 stream_limit rate_limited /api/rooms/:roomId/stream
room diagnostic op_3kaLDe-J 429 stream_limit rate_limited /api/rooms/:roomId/stream
room diagnostic op_k4S1E-eN 429 stream_limit rate_limited /api/rooms/:roomId/stream
room diagnostic op_SJqTbuu2 429 stream_limit rate_limited /api/rooms/:roomId/stream
room diagnostic op_HjlW01Nu 429 stream_limit rate_limited /api/rooms/:roomId/stream
room diagnostic op_GTB3suPF 429 stream_limit rate_limited /api/rooms/:roomId/stream
room diagnostic op_597pjGax 429 stream_limit rate_limited /api/rooms/:roomId/stream
room diagnostic op_60Cm35mp 429 stream_limit rate_limited /api/rooms/:roomId/stream
room diagnostic op_3QAI6k3H 429 stream_limit rate_limited /api/rooms/:roomId/stream
room diagnostic op_fVxjgFiL 429 stream_limit rate_limited /api/rooms/:roomId/stream
room diagnostic op_Fg1Qw85R 429 stream_limit rate_limited /api/rooms/:roomId/stream
room diagnostic op_CBU2xoK3 429 stream_limit rate_limited /api/rooms/:roomId/stream
room diagnostic op_H9PBibCF 429 stream_limit rate_limited /api/rooms/:roomId/stream
room diagnostic op_pr5kxfg9 429 stream_limit rate_limited /api/rooms/:roomId/stream
room diagnostic op_7uIDgjl3 429 stream_limit rate_limited /api/rooms/:roomId/stream
room diagnostic op_IdmH1t2G 429 stream_limit rate_limited /api/rooms/:roomId/stream
room diagnostic op_NLdvFhJU 429 stream_limit rate_limited /api/rooms/:roomId/stream
room diagnostic op_bIL5iU20 429 stream_limit rate_limited /api/rooms/:roomId/stream
room diagnostic op_5zP_dMg1 429 stream_limit rate_limited /api/rooms/:roomId/stream
room diagnostic op_di7vTrf- 429 stream_limit rate_limited /api/rooms/:roomId/stream
room diagnostic op_bgaq60oV 429 stream_limit rate_limited /api/rooms/:roomId/stream
room diagnostic op_R1s088qW 429 stream_limit rate_limited /api/rooms/:roomId/stream
room diagnostic op_vbgoGlBs 429 stream_limit rate_limited /api/rooms/:roomId/stream
room diagnostic op_l06VYMFm 429 stream_limit rate_limited /api/rooms/:roomId/stream
room diagnostic op_KVRn1ppT 429 stream_limit rate_limited /api/rooms/:roomId/stream
room diagnostic op_MdPle_2q 429 stream_limit rate_limited /api/rooms/:roomId/stream
room diagnostic op_9c5CdtkG 429 stream_limit rate_limited /api/rooms/:roomId/stream
room diagnostic op_98OgA7lp 429 stream_limit rate_limited /api/rooms/:roomId/stream
room diagnostic op_WOBum5D_ 429 stream_limit rate_limited /api/rooms/:roomId/stream
room diagnostic op_J0L4EWbg 429 stream_limit rate_limited /api/rooms/:roomId/stream
room diagnostic op_1BYk74Qs 429 stream_limit rate_limited /api/rooms/:roomId/stream
room diagnostic op_Gz0YgVX- 429 stream_limit rate_limited /api/rooms/:roomId/stream
room diagnostic op_Uu5RNeD7 429 stream_limit rate_limited /api/rooms/:roomId/stream
room diagnostic op_2T2gvXb5 429 stream_limit rate_limited /api/rooms/:roomId/stream
room diagnostic op_DzH0KFNU 429 stream_limit rate_limited /api/rooms/:roomId/stream
room diagnostic op_cP_L36GA 429 stream_limit rate_limited /api/rooms/:roomId/stream
room diagnostic op_bu2edznx 429 stream_limit rate_limited /api/rooms/:roomId/stream
room diagnostic op_-luIA5lU 429 stream_limit rate_limited /api/rooms/:roomId/stream
room diagnostic op_ZP1aLtdR 429 stream_limit rate_limited /api/rooms/:roomId/stream
room diagnostic op_PBan_aMG 429 stream_limit rate_limited /api/rooms/:roomId/stream
room diagnostic op_jPPGkcRK 429 stream_limit rate_limited /api/rooms/:roomId/stream
room diagnostic op_PdIq2Zaa 429 stream_limit rate_limited /api/rooms/:roomId/stream
room diagnostic op_SbITMACT 429 stream_limit rate_limited /api/rooms/:roomId/stream
room diagnostic op_ih-v6cUw 429 stream_limit rate_limited /api/rooms/:roomId/stream
room diagnostic op_n2UIyN5O 429 stream_limit rate_limited /api/rooms/:roomId/stream
room diagnostic op_GPHfNk7W 429 stream_limit rate_limited /api/rooms/:roomId/stream
room diagnostic op_HDQghDQy 429 stream_limit rate_limited /api/rooms/:roomId/stream
room diagnostic op_whkvvTgN 429 stream_limit rate_limited /api/rooms/:roomId/stream
room diagnostic op_cEhYSVFZ 429 stream_limit rate_limited /api/rooms/:roomId/stream
room diagnostic op_Yv4-6JLp 429 stream_limit rate_limited /api/rooms/:roomId/stream
room diagnostic op_EdkWEb1t 429 stream_limit rate_limited /api/rooms/:roomId/stream
room diagnostic op_ODaRe0bd 429 stream_limit rate_limited /api/rooms/:roomId/stream
room diagnostic op_hgt8FYyu 429 stream_limit rate_limited /api/rooms/:roomId/stream
room diagnostic op_cYCuOk7r 429 stream_limit rate_limited /api/rooms/:roomId/stream
room diagnostic op_XqRKy1Fc 429 stream_limit rate_limited /api/rooms/:roomId/stream
room diagnostic op_NbECzrjc 429 stream_limit rate_limited /api/rooms/:roomId/stream
room diagnostic op_52gTWFLQ 429 stream_limit rate_limited /api/rooms/:roomId/stream
room diagnostic op_ww840L2J 429 stream_limit rate_limited /api/rooms/:roomId/stream
room diagnostic op_TjFyXqsP 429 stream_limit rate_limited /api/rooms/:roomId/stream
room diagnostic op_hJFRqkcG 429 stream_limit rate_limited /api/rooms/:roomId/stream
room diagnostic op_-vVOXbpt 429 stream_limit rate_limited /api/rooms/:roomId/stream
room diagnostic op_yvNYA9CA 429 stream_limit rate_limited /api/rooms/:roomId/stream
room diagnostic op_B_Su6R9i 429 stream_limit rate_limited /api/rooms/:roomId/stream
room diagnostic op_i-9ph1et 429 stream_limit rate_limited /api/rooms/:roomId/stream
room diagnostic op_Yd4zfhxs 429 stream_limit rate_limited /api/rooms/:roomId/stream
room diagnostic op_cyrfwnN5 429 stream_limit rate_limited /api/rooms/:roomId/stream
room diagnostic op_B3a_kdKJ 429 stream_limit rate_limited /api/rooms/:roomId/stream
room diagnostic op_P-6rFmYe 429 stream_limit rate_limited /api/rooms/:roomId/stream
room diagnostic op_2SgtyEIn 429 stream_limit rate_limited /api/rooms/:roomId/stream
room diagnostic op_xx9r05m_ 429 stream_limit rate_limited /api/rooms/:roomId/stream
room diagnostic op_I4oMA45j 429 stream_limit rate_limited /api/rooms/:roomId/stream
room diagnostic op_CzmZg7G2 429 stream_limit rate_limited /api/rooms/:roomId/stream
room diagnostic op_NZv55DZK 429 stream_limit rate_limited /api/rooms/:roomId/stream
room diagnostic op_XKk4-M2p 429 stream_limit rate_limited /api/rooms/:roomId/stream
room diagnostic op_EYPfMrf_ 429 stream_limit rate_limited /api/rooms/:roomId/stream
room diagnostic op_gi6H1wBk 429 stream_limit rate_limited /api/rooms/:roomId/stream
room diagnostic op_0TQUUksH 429 stream_limit rate_limited /api/rooms/:roomId/stream
room diagnostic op_Ci5FThlG 429 stream_limit rate_limited /api/rooms/:roomId/stream
room diagnostic op_lgo69uKR 429 stream_limit rate_limited /api/rooms/:roomId/stream
room diagnostic op_DUkNaDUj 429 stream_limit rate_limited /api/rooms/:roomId/stream
room diagnostic op_FB9Gym0H 429 stream_limit rate_limited /api/rooms/:roomId/stream
room diagnostic op_3NQ8WakY 429 stream_limit rate_limited /api/rooms/:roomId/stream
room diagnostic op_GQyWSWJn 429 stream_limit rate_limited /api/rooms/:roomId/stream
room diagnostic op_Z3To16NV 429 stream_limit rate_limited /api/rooms/:roomId/stream
room diagnostic op_PcRhAZFZ 429 stream_limit rate_limited /api/rooms/:roomId/stream
room diagnostic op_LhawMXmv 429 stream_limit rate_limited /api/rooms/:roomId/stream
room diagnostic op_2nDTMwSu 429 stream_limit rate_limited /api/rooms/:roomId/stream
room diagnostic op_193nMnf_ 429 stream_limit rate_limited /api/rooms/:roomId/stream
room diagnostic op_msmsoiP5 429 stream_limit rate_limited /api/rooms/:roomId/stream
room diagnostic op_aNfjm9t8 429 stream_limit rate_limited /api/rooms/:roomId/stream
room diagnostic op_unSrcayY 429 stream_limit rate_limited /api/rooms/:roomId/stream
room diagnostic op_FamoROOj 429 stream_limit rate_limited /api/rooms/:roomId/stream
room diagnostic op_J4samwNe 429 stream_limit rate_limited /api/rooms/:roomId/stream
room diagnostic op_EjpQyWJb 429 stream_limit rate_limited /api/rooms/:roomId/stream
room diagnostic op_ffqw1soT 429 stream_limit rate_limited /api/rooms/:roomId/stream
room diagnostic op_Y2E6_rbm 429 stream_limit rate_limited /api/rooms/:roomId/stream
room diagnostic op_Wtapf3lp 429 stream_limit rate_limited /api/rooms/:roomId/stream
room diagnostic op_oi2KPEHu 429 stream_limit rate_limited /api/rooms/:roomId/stream
room diagnostic op_1zga4sve 429 stream_limit rate_limited /api/rooms/:roomId/stream
room diagnostic op_9-2d0Z0- 429 stream_limit rate_limited /api/rooms/:roomId/stream
room diagnostic op_BNdB2nkF 429 stream_limit rate_limited /api/rooms/:roomId/stream
room diagnostic op_UWfJp7IN 429 stream_limit rate_limited /api/rooms/:roomId/stream
room diagnostic op_NqrvSV-8 429 stream_limit rate_limited /api/rooms/:roomId/stream
room diagnostic op_TUh7tZ6H 429 stream_limit rate_limited /api/rooms/:roomId/stream
room diagnostic op_ovwyuzAn 429 stream_limit rate_limited /api/rooms/:roomId/stream
room diagnostic op_JyFBh8Lj 429 stream_limit rate_limited /api/rooms/:roomId/stream
room diagnostic op_EQqPb7JW 429 stream_limit rate_limited /api/rooms/:roomId/stream
room diagnostic op_i20YVCvs 429 stream_limit rate_limited /api/rooms/:roomId/stream
PASS F11 300 attempts: 100 accepted/200 rejected in 19813ms, event-loop lag max=8743ms p99=1695ms, cpu=2744ms
