{"event":"room.cold_start","durationMs":1425,"integrity":"eager","phases":{"schema":{"ms":363,"rowsRead":0},"plugin":{"ms":403,"rowsRead":0},"fence":{"ms":230,"rowsRead":0},"verifies":{"ms":23,"rowsRead":0},"checksum":{"ms":0,"rowsRead":0}},"cpuMs":178,"heapBytes":36293576,"rooms":0,"sequences":0,"projectionBytes":0,"events":0}
ROOM_SECURITY_CONTACT is unset; /.well-known/security.txt returns 404
room diagnostic op_IooAie-G 429 stream_limit rate_limited /api/rooms/:roomId/stream
room diagnostic op_0srlKlLw 429 stream_limit rate_limited /api/rooms/:roomId/stream
room diagnostic op_HE9_S9e5 429 stream_limit rate_limited /api/rooms/:roomId/stream
room diagnostic op_gYeqtxxo 429 stream_limit rate_limited /api/rooms/:roomId/stream
room diagnostic op_mLJ1tetj 429 stream_limit rate_limited /api/rooms/:roomId/stream
room diagnostic op_8cx_2JlU 429 stream_limit rate_limited /api/rooms/:roomId/stream
room diagnostic op_A-HL2sMe 429 stream_limit rate_limited /api/rooms/:roomId/stream
room diagnostic op_7r_PUYPF 429 stream_limit rate_limited /api/rooms/:roomId/stream
room diagnostic op_QRGCvOL5 429 stream_limit rate_limited /api/rooms/:roomId/stream
room diagnostic op_mQUnLlam 429 stream_limit rate_limited /api/rooms/:roomId/stream
room diagnostic op_07uWJXLW 429 stream_limit rate_limited /api/rooms/:roomId/stream
room diagnostic op_4b9HG671 429 stream_limit rate_limited /api/rooms/:roomId/stream
room diagnostic op_hC1cnwKV 429 stream_limit rate_limited /api/rooms/:roomId/stream
room diagnostic op_78RRIXnL 429 stream_limit rate_limited /api/rooms/:roomId/stream
room diagnostic op_8g0cBTsa 429 stream_limit rate_limited /api/rooms/:roomId/stream
room diagnostic op_HxKkuyn0 429 stream_limit rate_limited /api/rooms/:roomId/stream
room diagnostic op_4ZgKCYVE 429 stream_limit rate_limited /api/rooms/:roomId/stream
room diagnostic op_PilJ0vKQ 429 stream_limit rate_limited /api/rooms/:roomId/stream
room diagnostic op_yKFM-mcx 429 stream_limit rate_limited /api/rooms/:roomId/stream
room diagnostic op_iBJ_qfOA 429 stream_limit rate_limited /api/rooms/:roomId/stream
room diagnostic op_S-zVhAVW 429 stream_limit rate_limited /api/rooms/:roomId/stream
room diagnostic op_6CP5DW2G 429 stream_limit rate_limited /api/rooms/:roomId/stream
room diagnostic op_6kmyuVCs 429 stream_limit rate_limited /api/rooms/:roomId/stream
room diagnostic op_NpOzhXAY 429 stream_limit rate_limited /api/rooms/:roomId/stream
room diagnostic op_zFVRrknd 429 stream_limit rate_limited /api/rooms/:roomId/stream
room diagnostic op_H7rsvVft 429 stream_limit rate_limited /api/rooms/:roomId/stream
room diagnostic op_AbXKTT2E 429 stream_limit rate_limited /api/rooms/:roomId/stream
room diagnostic op_EM1GOSkF 429 stream_limit rate_limited /api/rooms/:roomId/stream
room diagnostic op__TOSjov- 429 stream_limit rate_limited /api/rooms/:roomId/stream
room diagnostic op_yU5hs5me 429 stream_limit rate_limited /api/rooms/:roomId/stream
room diagnostic op_Y3ed7mgl 429 stream_limit rate_limited /api/rooms/:roomId/stream
room diagnostic op_AlY5-1Nu 429 stream_limit rate_limited /api/rooms/:roomId/stream
room diagnostic op_Zb8dEuuf 429 stream_limit rate_limited /api/rooms/:roomId/stream
room diagnostic op_5D1hOxER 429 stream_limit rate_limited /api/rooms/:roomId/stream
room diagnostic op_qH37_gs8 429 stream_limit rate_limited /api/rooms/:roomId/stream
room diagnostic op_R0J4Uo32 429 stream_limit rate_limited /api/rooms/:roomId/stream
room diagnostic op_crx_fTed 429 stream_limit rate_limited /api/rooms/:roomId/stream
room diagnostic op_NBV1lJfY 429 stream_limit rate_limited /api/rooms/:roomId/stream
room diagnostic op_Dvpchv8w 429 stream_limit rate_limited /api/rooms/:roomId/stream
room diagnostic op_VAU-I2Xf 429 stream_limit rate_limited /api/rooms/:roomId/stream
room diagnostic op_DUidx3u8 429 stream_limit rate_limited /api/rooms/:roomId/stream
room diagnostic op_MLZRbxqV 429 stream_limit rate_limited /api/rooms/:roomId/stream
room diagnostic op_azKeec0S 429 stream_limit rate_limited /api/rooms/:roomId/stream
room diagnostic op_QLhc6Q-8 429 stream_limit rate_limited /api/rooms/:roomId/stream
room diagnostic op_nSeUWBUy 429 stream_limit rate_limited /api/rooms/:roomId/stream
room diagnostic op_f3DqP78W 429 stream_limit rate_limited /api/rooms/:roomId/stream
room diagnostic op_6wsUeEXF 429 stream_limit rate_limited /api/rooms/:roomId/stream
room diagnostic op_8yyreGe- 429 stream_limit rate_limited /api/rooms/:roomId/stream
room diagnostic op_hrGHPE74 429 stream_limit rate_limited /api/rooms/:roomId/stream
room diagnostic op_fs3xGOHZ 429 stream_limit rate_limited /api/rooms/:roomId/stream
room diagnostic op_JyY-7p0g 429 stream_limit rate_limited /api/rooms/:roomId/stream
room diagnostic op_4mbigJfG 429 stream_limit rate_limited /api/rooms/:roomId/stream
room diagnostic op_8RpwEPiQ 429 stream_limit rate_limited /api/rooms/:roomId/stream
room diagnostic op_8yDcKuDE 429 stream_limit rate_limited /api/rooms/:roomId/stream
room diagnostic op_RLBLDY0e 429 stream_limit rate_limited /api/rooms/:roomId/stream
room diagnostic op_LAD3hiVO 429 stream_limit rate_limited /api/rooms/:roomId/stream
room diagnostic op__4k7lc8j 429 stream_limit rate_limited /api/rooms/:roomId/stream
room diagnostic op_hvE4TkFs 429 stream_limit rate_limited /api/rooms/:roomId/stream
room diagnostic op_5PlMLi3e 429 stream_limit rate_limited /api/rooms/:roomId/stream
room diagnostic op_BMvQv999 429 stream_limit rate_limited /api/rooms/:roomId/stream
room diagnostic op_vVZ2uw-V 429 stream_limit rate_limited /api/rooms/:roomId/stream
room diagnostic op_Itn5uLRp 429 stream_limit rate_limited /api/rooms/:roomId/stream
room diagnostic op_TpCMySvL 429 stream_limit rate_limited /api/rooms/:roomId/stream
room diagnostic op_nXETlBtW 429 stream_limit rate_limited /api/rooms/:roomId/stream
room diagnostic op_Q-Yb633v 429 stream_limit rate_limited /api/rooms/:roomId/stream
room diagnostic op_XHv54dBJ 429 stream_limit rate_limited /api/rooms/:roomId/stream
room diagnostic op_CREoND0k 429 stream_limit rate_limited /api/rooms/:roomId/stream
room diagnostic op_pUcoghyd 429 stream_limit rate_limited /api/rooms/:roomId/stream
room diagnostic op_LnC8Zsex 429 stream_limit rate_limited /api/rooms/:roomId/stream
room diagnostic op_AeM9yv56 429 stream_limit rate_limited /api/rooms/:roomId/stream
room diagnostic op_YMVCTnPz 429 stream_limit rate_limited /api/rooms/:roomId/stream
room diagnostic op_PuaCiyuh 429 stream_limit rate_limited /api/rooms/:roomId/stream
room diagnostic op_mQf9M7BV 429 stream_limit rate_limited /api/rooms/:roomId/stream
room diagnostic op_EIAJEDXA 429 stream_limit rate_limited /api/rooms/:roomId/stream
room diagnostic op_oYy3D8Mt 429 stream_limit rate_limited /api/rooms/:roomId/stream
room diagnostic op_oAIyGFKo 429 stream_limit rate_limited /api/rooms/:roomId/stream
room diagnostic op_ToiuV3zo 429 stream_limit rate_limited /api/rooms/:roomId/stream
room diagnostic op_BAEOIn3y 429 stream_limit rate_limited /api/rooms/:roomId/stream
room diagnostic op_pneOkGN5 429 stream_limit rate_limited /api/rooms/:roomId/stream
room diagnostic op_wDaVGNkl 429 stream_limit rate_limited /api/rooms/:roomId/stream
room diagnostic op_T8MggXn6 429 stream_limit rate_limited /api/rooms/:roomId/stream
room diagnostic op_t0duaRwG 429 stream_limit rate_limited /api/rooms/:roomId/stream
room diagnostic op_5jH7gJ9f 429 stream_limit rate_limited /api/rooms/:roomId/stream
room diagnostic op_e9-pRt5q 429 stream_limit rate_limited /api/rooms/:roomId/stream
room diagnostic op_npAGfS35 429 stream_limit rate_limited /api/rooms/:roomId/stream
room diagnostic op_8IgG7GY- 429 stream_limit rate_limited /api/rooms/:roomId/stream
room diagnostic op_8vGvsi5J 429 stream_limit rate_limited /api/rooms/:roomId/stream
room diagnostic op_xtSNjY-k 429 stream_limit rate_limited /api/rooms/:roomId/stream
room diagnostic op_Od4iEqhu 429 stream_limit rate_limited /api/rooms/:roomId/stream
room diagnostic op_XLoF6SUS 429 stream_limit rate_limited /api/rooms/:roomId/stream
room diagnostic op_0Ymaiw0D 429 stream_limit rate_limited /api/rooms/:roomId/stream
room diagnostic op__YWvaLXO 429 stream_limit rate_limited /api/rooms/:roomId/stream
room diagnostic op_f2wHNfVN 429 stream_limit rate_limited /api/rooms/:roomId/stream
room diagnostic op_jRk9nv4g 429 stream_limit rate_limited /api/rooms/:roomId/stream
room diagnostic op_kVggjz3q 429 stream_limit rate_limited /api/rooms/:roomId/stream
room diagnostic op_gPOP0S8n 429 stream_limit rate_limited /api/rooms/:roomId/stream
room diagnostic op_4vUTzbXo 429 stream_limit rate_limited /api/rooms/:roomId/stream
room diagnostic op_h1DL_7mh 429 stream_limit rate_limited /api/rooms/:roomId/stream
room diagnostic op_e9Ynw1hX 429 stream_limit rate_limited /api/rooms/:roomId/stream
room diagnostic op_AJ1IAgeq 429 stream_limit rate_limited /api/rooms/:roomId/stream
room diagnostic op_yXJP63nf 429 stream_limit rate_limited /api/rooms/:roomId/stream
room diagnostic op_ZsVeaj8Q 429 stream_limit rate_limited /api/rooms/:roomId/stream
room diagnostic op_JWwtulzE 429 stream_limit rate_limited /api/rooms/:roomId/stream
room diagnostic op_mLFNKcn0 429 stream_limit rate_limited /api/rooms/:roomId/stream
room diagnostic op_4YEiurVE 429 stream_limit rate_limited /api/rooms/:roomId/stream
room diagnostic op_TjaHh1b7 429 stream_limit rate_limited /api/rooms/:roomId/stream
room diagnostic op_Km7RnRYe 429 stream_limit rate_limited /api/rooms/:roomId/stream
room diagnostic op_-v-ZyQta 429 stream_limit rate_limited /api/rooms/:roomId/stream
room diagnostic op_cVJYOktr 429 stream_limit rate_limited /api/rooms/:roomId/stream
room diagnostic op_XBSrp52r 429 stream_limit rate_limited /api/rooms/:roomId/stream
room diagnostic op_9MfOzdUJ 429 stream_limit rate_limited /api/rooms/:roomId/stream
room diagnostic op_wgoV_GMN 429 stream_limit rate_limited /api/rooms/:roomId/stream
room diagnostic op_05WYra1T 429 stream_limit rate_limited /api/rooms/:roomId/stream
room diagnostic op_HBC6RWiy 429 stream_limit rate_limited /api/rooms/:roomId/stream
room diagnostic op_D0JoI-00 429 stream_limit rate_limited /api/rooms/:roomId/stream
room diagnostic op_EpHYdXZJ 429 stream_limit rate_limited /api/rooms/:roomId/stream
room diagnostic op_P1LMU76q 429 stream_limit rate_limited /api/rooms/:roomId/stream
room diagnostic op_9DxQzol4 429 stream_limit rate_limited /api/rooms/:roomId/stream
room diagnostic op_NPW8xsJQ 429 stream_limit rate_limited /api/rooms/:roomId/stream
room diagnostic op_xn2JN1xh 429 stream_limit rate_limited /api/rooms/:roomId/stream
room diagnostic op_lWLY3PsD 429 stream_limit rate_limited /api/rooms/:roomId/stream
room diagnostic op_JHQEuk3V 429 stream_limit rate_limited /api/rooms/:roomId/stream
room diagnostic op_k1zNUJKC 429 stream_limit rate_limited /api/rooms/:roomId/stream
room diagnostic op_uFDPnFh8 429 stream_limit rate_limited /api/rooms/:roomId/stream
room diagnostic op_r0_sp4GA 429 stream_limit rate_limited /api/rooms/:roomId/stream
room diagnostic op_HjejsxnQ 429 stream_limit rate_limited /api/rooms/:roomId/stream
room diagnostic op_z3UJIy_o 429 stream_limit rate_limited /api/rooms/:roomId/stream
room diagnostic op_alIuz_pH 429 stream_limit rate_limited /api/rooms/:roomId/stream
room diagnostic op_yyobK6Dd 429 stream_limit rate_limited /api/rooms/:roomId/stream
room diagnostic op_4iXhPwjQ 429 stream_limit rate_limited /api/rooms/:roomId/stream
room diagnostic op_0dSdd3sf 429 stream_limit rate_limited /api/rooms/:roomId/stream
room diagnostic op_wBngN20X 429 stream_limit rate_limited /api/rooms/:roomId/stream
room diagnostic op_2NsYfXxj 429 stream_limit rate_limited /api/rooms/:roomId/stream
room diagnostic op_ZRdeHBMi 429 stream_limit rate_limited /api/rooms/:roomId/stream
room diagnostic op_DDKIoIvE 429 stream_limit rate_limited /api/rooms/:roomId/stream
room diagnostic op_gVvKruJQ 429 stream_limit rate_limited /api/rooms/:roomId/stream
room diagnostic op_WwTc1j4A 429 stream_limit rate_limited /api/rooms/:roomId/stream
room diagnostic op_yag_Auzf 429 stream_limit rate_limited /api/rooms/:roomId/stream
room diagnostic op_N_lS-wNk 429 stream_limit rate_limited /api/rooms/:roomId/stream
room diagnostic op_J053b8Ga 429 stream_limit rate_limited /api/rooms/:roomId/stream
room diagnostic op_Mj1_R1Qs 429 stream_limit rate_limited /api/rooms/:roomId/stream
room diagnostic op_JfDRZ3tf 429 stream_limit rate_limited /api/rooms/:roomId/stream
room diagnostic op_Ho_GY6Gh 429 stream_limit rate_limited /api/rooms/:roomId/stream
room diagnostic op_1KvMTEBe 429 stream_limit rate_limited /api/rooms/:roomId/stream
room diagnostic op_WlG2H0y7 429 stream_limit rate_limited /api/rooms/:roomId/stream
room diagnostic op_aMGc4jhW 429 stream_limit rate_limited /api/rooms/:roomId/stream
room diagnostic op_e-fn6vlO 429 stream_limit rate_limited /api/rooms/:roomId/stream
room diagnostic op_7dpQD_C7 429 stream_limit rate_limited /api/rooms/:roomId/stream
room diagnostic op_DnVoQ676 429 stream_limit rate_limited /api/rooms/:roomId/stream
room diagnostic op_gSGsaFMQ 429 stream_limit rate_limited /api/rooms/:roomId/stream
room diagnostic op_aTY8QzWJ 429 stream_limit rate_limited /api/rooms/:roomId/stream
room diagnostic op_d6jqRzrC 429 stream_limit rate_limited /api/rooms/:roomId/stream
room diagnostic op_PQSkTjmg 429 stream_limit rate_limited /api/rooms/:roomId/stream
room diagnostic op_4gjUxuHy 429 stream_limit rate_limited /api/rooms/:roomId/stream
room diagnostic op_TJb_SSBv 429 stream_limit rate_limited /api/rooms/:roomId/stream
room diagnostic op_FwKOKbc3 429 stream_limit rate_limited /api/rooms/:roomId/stream
room diagnostic op_idfTwa8V 429 stream_limit rate_limited /api/rooms/:roomId/stream
room diagnostic op_AeE852B0 429 stream_limit rate_limited /api/rooms/:roomId/stream
room diagnostic op_CsphkcGt 429 stream_limit rate_limited /api/rooms/:roomId/stream
room diagnostic op__cB2KKiW 429 stream_limit rate_limited /api/rooms/:roomId/stream
room diagnostic op_VJ5Fgw4_ 429 stream_limit rate_limited /api/rooms/:roomId/stream
room diagnostic op_1hvzxi9l 429 stream_limit rate_limited /api/rooms/:roomId/stream
room diagnostic op_poTkjxUQ 429 stream_limit rate_limited /api/rooms/:roomId/stream
room diagnostic op_FE5mY0Gi 429 stream_limit rate_limited /api/rooms/:roomId/stream
room diagnostic op__oKLrTgv 429 stream_limit rate_limited /api/rooms/:roomId/stream
room diagnostic op_J6Hl7Adu 429 stream_limit rate_limited /api/rooms/:roomId/stream
room diagnostic op_2-MdlVZs 429 stream_limit rate_limited /api/rooms/:roomId/stream
room diagnostic op_zraBMsFi 429 stream_limit rate_limited /api/rooms/:roomId/stream
room diagnostic op_Wc0AuiDZ 429 stream_limit rate_limited /api/rooms/:roomId/stream
room diagnostic op_hFN0sKSe 429 stream_limit rate_limited /api/rooms/:roomId/stream
room diagnostic op_4QFIPwfG 429 stream_limit rate_limited /api/rooms/:roomId/stream
room diagnostic op_CF3PuE-J 429 stream_limit rate_limited /api/rooms/:roomId/stream
room diagnostic op_GXP_4LvX 429 stream_limit rate_limited /api/rooms/:roomId/stream
room diagnostic op_JJB51KMK 429 stream_limit rate_limited /api/rooms/:roomId/stream
room diagnostic op__B_PExfE 429 stream_limit rate_limited /api/rooms/:roomId/stream
room diagnostic op_cLG9IAmK 429 stream_limit rate_limited /api/rooms/:roomId/stream
room diagnostic op_R-e3ABGn 429 stream_limit rate_limited /api/rooms/:roomId/stream
room diagnostic op_0t6R8xhk 429 stream_limit rate_limited /api/rooms/:roomId/stream
room diagnostic op_h1MifMm4 429 stream_limit rate_limited /api/rooms/:roomId/stream
room diagnostic op_F7LafJLl 429 stream_limit rate_limited /api/rooms/:roomId/stream
room diagnostic op_dVfcqOHf 429 stream_limit rate_limited /api/rooms/:roomId/stream
room diagnostic op_MZdmvFBI 429 stream_limit rate_limited /api/rooms/:roomId/stream
room diagnostic op_Dp10O5th 429 stream_limit rate_limited /api/rooms/:roomId/stream
room diagnostic op_um_t3dCz 429 stream_limit rate_limited /api/rooms/:roomId/stream
room diagnostic op_70-TzUV7 429 stream_limit rate_limited /api/rooms/:roomId/stream
room diagnostic op__N3ATMyf 429 stream_limit rate_limited /api/rooms/:roomId/stream
room diagnostic op_yB9RuxiK 429 stream_limit rate_limited /api/rooms/:roomId/stream
room diagnostic op_FvYYrm4F 429 stream_limit rate_limited /api/rooms/:roomId/stream
room diagnostic op_0brklUpB 429 stream_limit rate_limited /api/rooms/:roomId/stream
room diagnostic op_WPls9y68 429 stream_limit rate_limited /api/rooms/:roomId/stream
room diagnostic op_m4Nfu1hX 429 stream_limit rate_limited /api/rooms/:roomId/stream
room diagnostic op_Mzzk4myl 429 stream_limit rate_limited /api/rooms/:roomId/stream
room diagnostic op_2YGwcKUk 429 stream_limit rate_limited /api/rooms/:roomId/stream
room diagnostic op_SOX8lWIj 429 stream_limit rate_limited /api/rooms/:roomId/stream
room diagnostic op_JwC1qWCO 429 stream_limit rate_limited /api/rooms/:roomId/stream
room diagnostic op_wDeZ6iXk 429 stream_limit rate_limited /api/rooms/:roomId/stream
room diagnostic op_OCk25jTa 429 stream_limit rate_limited /api/rooms/:roomId/stream
room diagnostic op_-Fd8NT1S 429 stream_limit rate_limited /api/rooms/:roomId/stream
room diagnostic op_NuhDPv-V 429 stream_limit rate_limited /api/rooms/:roomId/stream
room diagnostic op_RXVAUj87 429 stream_limit rate_limited /api/rooms/:roomId/stream
room diagnostic op_2SJPUXAb 429 stream_limit rate_limited /api/rooms/:roomId/stream
room diagnostic op_MEuDc7G3 429 stream_limit rate_limited /api/rooms/:roomId/stream
room diagnostic op_7-Bx1SEP 429 stream_limit rate_limited /api/rooms/:roomId/stream
room diagnostic op_usy0aVE5 429 stream_limit rate_limited /api/rooms/:roomId/stream
room diagnostic op_Kh7ZSYzA 429 stream_limit rate_limited /api/rooms/:roomId/stream
room diagnostic op_7K7uM-On 429 stream_limit rate_limited /api/rooms/:roomId/stream
room diagnostic op_Qd14UFE1 429 stream_limit rate_limited /api/rooms/:roomId/stream
room diagnostic op_ZE7NstRU 429 stream_limit rate_limited /api/rooms/:roomId/stream
room diagnostic op_2OEQK1Vo 429 stream_limit rate_limited /api/rooms/:roomId/stream
room diagnostic op_kanN5ZOC 429 stream_limit rate_limited /api/rooms/:roomId/stream
room diagnostic op_k_iHRPnW 429 stream_limit rate_limited /api/rooms/:roomId/stream
room diagnostic op_8-9Ae5Wj 429 stream_limit rate_limited /api/rooms/:roomId/stream
room diagnostic op_rvgKgznt 429 stream_limit rate_limited /api/rooms/:roomId/stream
room diagnostic op_Kb8lGqJo 429 stream_limit rate_limited /api/rooms/:roomId/stream
room diagnostic op_ssGZalKZ 429 stream_limit rate_limited /api/rooms/:roomId/stream
room diagnostic op_ZmM7tWWj 429 stream_limit rate_limited /api/rooms/:roomId/stream
room diagnostic op_Sar0A72b 429 stream_limit rate_limited /api/rooms/:roomId/stream
room diagnostic op_uoppJpKG 429 stream_limit rate_limited /api/rooms/:roomId/stream
room diagnostic op_gCwD2227 429 stream_limit rate_limited /api/rooms/:roomId/stream
room diagnostic op_rvVycIPE 429 stream_limit rate_limited /api/rooms/:roomId/stream
room diagnostic op_tKd8uGkX 429 stream_limit rate_limited /api/rooms/:roomId/stream
room diagnostic op_nsZmJU2I 429 stream_limit rate_limited /api/rooms/:roomId/stream
room diagnostic op_O-z3kSO7 429 stream_limit rate_limited /api/rooms/:roomId/stream
room diagnostic op_Zsps51H3 429 stream_limit rate_limited /api/rooms/:roomId/stream
room diagnostic op_9paSEBig 429 stream_limit rate_limited /api/rooms/:roomId/stream
room diagnostic op_9MqeMi7c 429 stream_limit rate_limited /api/rooms/:roomId/stream
room diagnostic op_ie7bCksV 429 stream_limit rate_limited /api/rooms/:roomId/stream
room diagnostic op_ZKBBcTeU 429 stream_limit rate_limited /api/rooms/:roomId/stream
room diagnostic op_bSxhyghE 429 stream_limit rate_limited /api/rooms/:roomId/stream
room diagnostic op_lY2fYwd2 429 stream_limit rate_limited /api/rooms/:roomId/stream
room diagnostic op_lulhUCMc 429 stream_limit rate_limited /api/rooms/:roomId/stream
room diagnostic op_UQSjGBIJ 429 stream_limit rate_limited /api/rooms/:roomId/stream
room diagnostic op_55tg7I2_ 429 stream_limit rate_limited /api/rooms/:roomId/stream
room diagnostic op_RyxZMYgd 429 stream_limit rate_limited /api/rooms/:roomId/stream
room diagnostic op_yNdJiwN3 429 stream_limit rate_limited /api/rooms/:roomId/stream
room diagnostic op_1CN2Jdu6 429 stream_limit rate_limited /api/rooms/:roomId/stream
room diagnostic op_FOh6PPmh 429 stream_limit rate_limited /api/rooms/:roomId/stream
room diagnostic op_ZOfvvlbn 429 stream_limit rate_limited /api/rooms/:roomId/stream
room diagnostic op_Z-dgBjya 429 stream_limit rate_limited /api/rooms/:roomId/stream
room diagnostic op_wulgZnnj 429 stream_limit rate_limited /api/rooms/:roomId/stream
room diagnostic op_PK83EIML 429 stream_limit rate_limited /api/rooms/:roomId/stream
room diagnostic op_I7Zi1Nsb 429 stream_limit rate_limited /api/rooms/:roomId/stream
room diagnostic op_GEI4Yu77 429 stream_limit rate_limited /api/rooms/:roomId/stream
room diagnostic op_I2Xh4OqR 429 stream_limit rate_limited /api/rooms/:roomId/stream
room diagnostic op_D32U1liU 429 stream_limit rate_limited /api/rooms/:roomId/stream
room diagnostic op_yO0-58fK 429 stream_limit rate_limited /api/rooms/:roomId/stream
room diagnostic op_keGSVoCp 429 stream_limit rate_limited /api/rooms/:roomId/stream
room diagnostic op_qW-7WeRM 429 stream_limit rate_limited /api/rooms/:roomId/stream
room diagnostic op_RKF8l49y 429 stream_limit rate_limited /api/rooms/:roomId/stream
room diagnostic op_eM_LsYAG 429 stream_limit rate_limited /api/rooms/:roomId/stream
room diagnostic op_fbIpe3QG 429 stream_limit rate_limited /api/rooms/:roomId/stream
room diagnostic op_3zjukQGo 429 stream_limit rate_limited /api/rooms/:roomId/stream
room diagnostic op_YlLHvf5Z 429 stream_limit rate_limited /api/rooms/:roomId/stream
room diagnostic op_rnozRO30 429 stream_limit rate_limited /api/rooms/:roomId/stream
room diagnostic op_x_IAVvUI 429 stream_limit rate_limited /api/rooms/:roomId/stream
room diagnostic op_XekGloUC 429 stream_limit rate_limited /api/rooms/:roomId/stream
room diagnostic op_C3SD9TJ9 429 stream_limit rate_limited /api/rooms/:roomId/stream
room diagnostic op_z_Q5c52D 429 stream_limit rate_limited /api/rooms/:roomId/stream
room diagnostic op_IoV4a9Lu 429 stream_limit rate_limited /api/rooms/:roomId/stream
room diagnostic op_yDkJ3Fbr 429 stream_limit rate_limited /api/rooms/:roomId/stream
room diagnostic op_jMEQZEiH 429 stream_limit rate_limited /api/rooms/:roomId/stream
room diagnostic op_7gW00PB0 429 stream_limit rate_limited /api/rooms/:roomId/stream
room diagnostic op_0hHdeabv 429 stream_limit rate_limited /api/rooms/:roomId/stream
room diagnostic op_-wcCp8fN 429 stream_limit rate_limited /api/rooms/:roomId/stream
room diagnostic op_vfkoeyUk 429 stream_limit rate_limited /api/rooms/:roomId/stream
room diagnostic op_nyEM19JQ 429 stream_limit rate_limited /api/rooms/:roomId/stream
room diagnostic op_G9d1oFWf 429 stream_limit rate_limited /api/rooms/:roomId/stream
room diagnostic op_HEAJ5OcA 429 stream_limit rate_limited /api/rooms/:roomId/stream
room diagnostic op_cm6Fobrj 429 stream_limit rate_limited /api/rooms/:roomId/stream
room diagnostic op_H0zOxipI 429 stream_limit rate_limited /api/rooms/:roomId/stream
room diagnostic op_idO2MSbz 429 stream_limit rate_limited /api/rooms/:roomId/stream
room diagnostic op_CrDoGHdZ 429 stream_limit rate_limited /api/rooms/:roomId/stream
room diagnostic op_7yZPSrWH 429 stream_limit rate_limited /api/rooms/:roomId/stream
room diagnostic op_UuV6yxX1 429 stream_limit rate_limited /api/rooms/:roomId/stream
room diagnostic op_jEi9PiXO 429 stream_limit rate_limited /api/rooms/:roomId/stream
room diagnostic op_YEqty_Zc 429 stream_limit rate_limited /api/rooms/:roomId/stream
room diagnostic op_O2Owrfsn 429 stream_limit rate_limited /api/rooms/:roomId/stream
room diagnostic op_LzaCPoqM 429 stream_limit rate_limited /api/rooms/:roomId/stream
room diagnostic op_aNMlxwvd 429 stream_limit rate_limited /api/rooms/:roomId/stream
room diagnostic op_7lTOkxBE 429 stream_limit rate_limited /api/rooms/:roomId/stream
room diagnostic op_eU49cVQL 429 stream_limit rate_limited /api/rooms/:roomId/stream
room diagnostic op_jQ_gAkL1 429 stream_limit rate_limited /api/rooms/:roomId/stream
room diagnostic op_bXVVnd5b 429 stream_limit rate_limited /api/rooms/:roomId/stream
room diagnostic op_dh9euolq 429 stream_limit rate_limited /api/rooms/:roomId/stream
room diagnostic op_i3lUXBh- 429 stream_limit rate_limited /api/rooms/:roomId/stream
room diagnostic op_kLaAKG6Q 429 stream_limit rate_limited /api/rooms/:roomId/stream
room diagnostic op_bhZAaL-x 429 stream_limit rate_limited /api/rooms/:roomId/stream
room diagnostic op_GUskseQD 429 stream_limit rate_limited /api/rooms/:roomId/stream
room diagnostic op_UW0rfV0F 429 stream_limit rate_limited /api/rooms/:roomId/stream
room diagnostic op_CTb8UWm- 429 stream_limit rate_limited /api/rooms/:roomId/stream
room diagnostic op_gnPWUHBI 429 stream_limit rate_limited /api/rooms/:roomId/stream
room diagnostic op_C9w7xySC 429 stream_limit rate_limited /api/rooms/:roomId/stream
room diagnostic op_2E4Xqkm2 429 stream_limit rate_limited /api/rooms/:roomId/stream
room diagnostic op_pmerFyjy 429 stream_limit rate_limited /api/rooms/:roomId/stream
room diagnostic op_SpPKG-p7 429 stream_limit rate_limited /api/rooms/:roomId/stream
room diagnostic op_9lxdvPV- 429 stream_limit rate_limited /api/rooms/:roomId/stream
room diagnostic op_brFsmmp3 429 stream_limit rate_limited /api/rooms/:roomId/stream
room diagnostic op_QkEArT7Q 429 stream_limit rate_limited /api/rooms/:roomId/stream
room diagnostic op_0RBQCXu6 429 stream_limit rate_limited /api/rooms/:roomId/stream
room diagnostic op_VH8avL-Q 429 stream_limit rate_limited /api/rooms/:roomId/stream
room diagnostic op_NL3jFwtZ 429 stream_limit rate_limited /api/rooms/:roomId/stream
room diagnostic op_I-Dn3AfP 429 stream_limit rate_limited /api/rooms/:roomId/stream
room diagnostic op_p_78xqO4 429 stream_limit rate_limited /api/rooms/:roomId/stream
room diagnostic op_eJIpIvUz 429 stream_limit rate_limited /api/rooms/:roomId/stream
room diagnostic op_2KQAHswn 429 stream_limit rate_limited /api/rooms/:roomId/stream
room diagnostic op_yTU2B6tA 429 stream_limit rate_limited /api/rooms/:roomId/stream
room diagnostic op_o7l57y7R 429 stream_limit rate_limited /api/rooms/:roomId/stream
room diagnostic op_5HlicrHf 429 stream_limit rate_limited /api/rooms/:roomId/stream
room diagnostic op_dnqXc7t- 429 stream_limit rate_limited /api/rooms/:roomId/stream
room diagnostic op_MA9EVokS 429 stream_limit rate_limited /api/rooms/:roomId/stream
room diagnostic op_m0Q6C8cm 429 stream_limit rate_limited /api/rooms/:roomId/stream
room diagnostic op__PQcARpD 429 stream_limit rate_limited /api/rooms/:roomId/stream
room diagnostic op_h-T43ouw 429 stream_limit rate_limited /api/rooms/:roomId/stream
room diagnostic op_6fszJsOq 429 stream_limit rate_limited /api/rooms/:roomId/stream
room diagnostic op_hy5tX8Gm 429 stream_limit rate_limited /api/rooms/:roomId/stream
room diagnostic op_Olkv6mer 429 stream_limit rate_limited /api/rooms/:roomId/stream
room diagnostic op_kICAfLWd 429 stream_limit rate_limited /api/rooms/:roomId/stream
room diagnostic op_mk8x-o7D 429 stream_limit rate_limited /api/rooms/:roomId/stream
room diagnostic op_6dmkOR8- 429 stream_limit rate_limited /api/rooms/:roomId/stream
room diagnostic op_zuqyCsUL 429 stream_limit rate_limited /api/rooms/:roomId/stream
room diagnostic op_2FLTwpg9 429 stream_limit rate_limited /api/rooms/:roomId/stream
room diagnostic op_JvLzvoHt 429 stream_limit rate_limited /api/rooms/:roomId/stream
room diagnostic op_U1uMuMrJ 429 stream_limit rate_limited /api/rooms/:roomId/stream
room diagnostic op_FhU7_x22 429 stream_limit rate_limited /api/rooms/:roomId/stream
room diagnostic op_9s6a4C11 429 stream_limit rate_limited /api/rooms/:roomId/stream
room diagnostic op_lS6Ih_eP 429 stream_limit rate_limited /api/rooms/:roomId/stream
room diagnostic op_xXIGXVSt 429 stream_limit rate_limited /api/rooms/:roomId/stream
room diagnostic op_TpYTmSeo 429 stream_limit rate_limited /api/rooms/:roomId/stream
room diagnostic op_pp9seDOs 429 stream_limit rate_limited /api/rooms/:roomId/stream
room diagnostic op_ff1EiBj6 429 stream_limit rate_limited /api/rooms/:roomId/stream
room diagnostic op_ITR7AIQv 429 stream_limit rate_limited /api/rooms/:roomId/stream
room diagnostic op_zl_u0U_c 429 stream_limit rate_limited /api/rooms/:roomId/stream
room diagnostic op_TyISKeHK 429 stream_limit rate_limited /api/rooms/:roomId/stream
room diagnostic op_YjIENqRc 429 stream_limit rate_limited /api/rooms/:roomId/stream
room diagnostic op_UFJ7iNWS 429 stream_limit rate_limited /api/rooms/:roomId/stream
room diagnostic op_wR2zDUyz 429 stream_limit rate_limited /api/rooms/:roomId/stream
room diagnostic op_V2ouOffl 429 stream_limit rate_limited /api/rooms/:roomId/stream
room diagnostic op_7OIHjCqE 429 stream_limit rate_limited /api/rooms/:roomId/stream
room diagnostic op_hCBCP5gB 429 stream_limit rate_limited /api/rooms/:roomId/stream
room diagnostic op_VVgpuiIw 429 stream_limit rate_limited /api/rooms/:roomId/stream
room diagnostic op_S2f2ReCC 429 stream_limit rate_limited /api/rooms/:roomId/stream
room diagnostic op_RuLcKH09 429 stream_limit rate_limited /api/rooms/:roomId/stream
room diagnostic op_Qoshrts2 429 stream_limit rate_limited /api/rooms/:roomId/stream
room diagnostic op_rSvmIhGj 429 stream_limit rate_limited /api/rooms/:roomId/stream
room diagnostic op_rV8Ykb4d 429 stream_limit rate_limited /api/rooms/:roomId/stream
room diagnostic op_g_6_aANw 429 stream_limit rate_limited /api/rooms/:roomId/stream
room diagnostic op_wGOYQ_lg 429 stream_limit rate_limited /api/rooms/:roomId/stream
room diagnostic op_ImPpgoso 429 stream_limit rate_limited /api/rooms/:roomId/stream
room diagnostic op_q9A7w_Gt 429 stream_limit rate_limited /api/rooms/:roomId/stream
room diagnostic op_nv4RUUvX 429 stream_limit rate_limited /api/rooms/:roomId/stream
room diagnostic op_Q5duSy6C 429 stream_limit rate_limited /api/rooms/:roomId/stream
room diagnostic op_n5PIY5af 429 stream_limit rate_limited /api/rooms/:roomId/stream
room diagnostic op_ECj2xqjC 429 stream_limit rate_limited /api/rooms/:roomId/stream
room diagnostic op_g0XQ75QH 429 stream_limit rate_limited /api/rooms/:roomId/stream
room diagnostic op_OjDNg7Wh 429 stream_limit rate_limited /api/rooms/:roomId/stream
room diagnostic op_qwFzhPYX 429 stream_limit rate_limited /api/rooms/:roomId/stream
room diagnostic op_Pg91Usrb 429 stream_limit rate_limited /api/rooms/:roomId/stream
room diagnostic op_RoonIPCU 429 stream_limit rate_limited /api/rooms/:roomId/stream
room diagnostic op_UhwY-AXZ 429 stream_limit rate_limited /api/rooms/:roomId/stream
room diagnostic op_Ics8WRg6 429 stream_limit rate_limited /api/rooms/:roomId/stream
room diagnostic op_8i3DRMJm 429 stream_limit rate_limited /api/rooms/:roomId/stream
room diagnostic op_fJzh6dwy 429 stream_limit rate_limited /api/rooms/:roomId/stream
room diagnostic op_Xa0E9j9_ 429 stream_limit rate_limited /api/rooms/:roomId/stream
room diagnostic op_HrAJo5ee 429 stream_limit rate_limited /api/rooms/:roomId/stream
room diagnostic op_nKzYXM12 429 stream_limit rate_limited /api/rooms/:roomId/stream
room diagnostic op_feB7CXAx 429 stream_limit rate_limited /api/rooms/:roomId/stream
room diagnostic op_V4McdmBA 429 stream_limit rate_limited /api/rooms/:roomId/stream
room diagnostic op_YngtOAU3 429 stream_limit rate_limited /api/rooms/:roomId/stream
room diagnostic op_CBvbspWH 429 stream_limit rate_limited /api/rooms/:roomId/stream
room diagnostic op_SgmCrHuS 429 stream_limit rate_limited /api/rooms/:roomId/stream
room diagnostic op_ni75u8xn 429 stream_limit rate_limited /api/rooms/:roomId/stream
room diagnostic op_AU0uCZdW 429 stream_limit rate_limited /api/rooms/:roomId/stream
room diagnostic op_N2VRf99w 429 stream_limit rate_limited /api/rooms/:roomId/stream
room diagnostic op_d_MUbiAB 429 stream_limit rate_limited /api/rooms/:roomId/stream
room diagnostic op_Y9nstHCb 429 stream_limit rate_limited /api/rooms/:roomId/stream
room diagnostic op_23LSI3EA 429 stream_limit rate_limited /api/rooms/:roomId/stream
room diagnostic op_lSY7_V9L 429 stream_limit rate_limited /api/rooms/:roomId/stream
room diagnostic op_eyOWCP8L 429 stream_limit rate_limited /api/rooms/:roomId/stream
room diagnostic op_VIzPIwrY 429 stream_limit rate_limited /api/rooms/:roomId/stream
room diagnostic op_7zCXEgqz 429 stream_limit rate_limited /api/rooms/:roomId/stream
room diagnostic op_pJBElmbb 429 stream_limit rate_limited /api/rooms/:roomId/stream
room diagnostic op_pJK_lfeN 429 stream_limit rate_limited /api/rooms/:roomId/stream
room diagnostic op_qywFkHWK 429 stream_limit rate_limited /api/rooms/:roomId/stream
room diagnostic op_B1divktV 429 stream_limit rate_limited /api/rooms/:roomId/stream
room diagnostic op_Dxkc66A6 429 stream_limit rate_limited /api/rooms/:roomId/stream
room diagnostic op_9wWOeveh 429 stream_limit rate_limited /api/rooms/:roomId/stream
room diagnostic op_Ghgt78Bu 429 stream_limit rate_limited /api/rooms/:roomId/stream
room diagnostic op_AgYlZxZX 429 stream_limit rate_limited /api/rooms/:roomId/stream
room diagnostic op_IHeEw_Gn 429 stream_limit rate_limited /api/rooms/:roomId/stream
room diagnostic op_Y_YejAzR 429 stream_limit rate_limited /api/rooms/:roomId/stream
room diagnostic op_5mvVIVaS 429 stream_limit rate_limited /api/rooms/:roomId/stream
room diagnostic op_cdg-d5iU 429 stream_limit rate_limited /api/rooms/:roomId/stream
room diagnostic op_bYc6GFjf 429 stream_limit rate_limited /api/rooms/:roomId/stream
room diagnostic op_eAUsiTn_ 429 stream_limit rate_limited /api/rooms/:roomId/stream
room diagnostic op_dTz5vYH0 429 stream_limit rate_limited /api/rooms/:roomId/stream
room diagnostic op_OoZdImEF 429 stream_limit rate_limited /api/rooms/:roomId/stream
room diagnostic op_TArqhTEi 429 stream_limit rate_limited /api/rooms/:roomId/stream
room diagnostic op_HJzwTCGi 429 stream_limit rate_limited /api/rooms/:roomId/stream
room diagnostic op_bZ8HFOR0 429 stream_limit rate_limited /api/rooms/:roomId/stream
room diagnostic op_Q0lc4tlr 429 stream_limit rate_limited /api/rooms/:roomId/stream
room diagnostic op_ZF3R_sDn 429 stream_limit rate_limited /api/rooms/:roomId/stream
PASS F12 500 attempts: 100 accepted/400 rejected in 36953ms, event-loop lag max=15808ms p99=1509ms, cpu=6256ms
