{"event":"room.cold_start","durationMs":1431,"integrity":"eager","phases":{"schema":{"ms":549,"rowsRead":0},"plugin":{"ms":573,"rowsRead":0},"fence":{"ms":87,"rowsRead":0},"verifies":{"ms":35,"rowsRead":0},"checksum":{"ms":0,"rowsRead":0}},"cpuMs":192,"heapBytes":36013144,"rooms":0,"sequences":0,"projectionBytes":0,"events":0}
ROOM_SECURITY_CONTACT is unset; /.well-known/security.txt returns 404
room diagnostic op_lz3_4q3I 200 stream_lagging unavailable /api/rooms/:roomId/stream
room diagnostic op_h5sORjHi 200 stream_lagging unavailable /api/rooms/:roomId/stream
room diagnostic op_S3FT4KIn 200 stream_lagging unavailable /api/rooms/:roomId/stream
room diagnostic op_PpmwcTzO 200 stream_lagging unavailable /api/rooms/:roomId/stream
room diagnostic op_DrMEX3e6 200 stream_lagging unavailable /api/rooms/:roomId/stream
room diagnostic op_6wCPKart 200 stream_lagging unavailable /api/rooms/:roomId/stream
room diagnostic op_A1hyEeJL 200 stream_lagging unavailable /api/rooms/:roomId/stream
room diagnostic op_VVok726V 200 stream_lagging unavailable /api/rooms/:roomId/stream
room diagnostic op_RtvankvR 200 stream_lagging unavailable /api/rooms/:roomId/stream
room diagnostic op_oiRyg6ny 200 stream_lagging unavailable /api/rooms/:roomId/stream
room diagnostic op_0eP7OjfT 200 stream_lagging unavailable /api/rooms/:roomId/stream
room diagnostic op_fHDm4cwB 200 stream_lagging unavailable /api/rooms/:roomId/stream
room diagnostic op_ov2_yzhz 200 stream_lagging unavailable /api/rooms/:roomId/stream
room diagnostic op_N0b5oGNf 200 stream_lagging unavailable /api/rooms/:roomId/stream
room diagnostic op_7Y6eqVAP 200 stream_lagging unavailable /api/rooms/:roomId/stream
room diagnostic op_ZTPpk7GJ 200 stream_lagging unavailable /api/rooms/:roomId/stream
room diagnostic op_EAnq_WXG 200 stream_lagging unavailable /api/rooms/:roomId/stream
room diagnostic op_g7ntAnQL 200 stream_lagging unavailable /api/rooms/:roomId/stream
room diagnostic op_uXhsmbX_ 200 stream_lagging unavailable /api/rooms/:roomId/stream
room diagnostic op_D3-6OE4D 200 stream_lagging unavailable /api/rooms/:roomId/stream
room diagnostic op_lifjm62S 200 stream_lagging unavailable /api/rooms/:roomId/stream
room diagnostic op_abBoNsbB 200 stream_lagging unavailable /api/rooms/:roomId/stream
room diagnostic op_xoFoE7ro 200 stream_lagging unavailable /api/rooms/:roomId/stream
room diagnostic op_1v8NTS88 200 stream_lagging unavailable /api/rooms/:roomId/stream
room diagnostic op_ZgMydND0 200 stream_lagging unavailable /api/rooms/:roomId/stream
room diagnostic op_G8uUAjzj 200 stream_lagging unavailable /api/rooms/:roomId/stream
room diagnostic op_KHwcr53Z 200 stream_lagging unavailable /api/rooms/:roomId/stream
room diagnostic op_BqFniQrY 200 stream_lagging unavailable /api/rooms/:roomId/stream
room diagnostic op_1sVT-baS 200 stream_lagging unavailable /api/rooms/:roomId/stream
room diagnostic op_xvxPqFcz 200 stream_lagging unavailable /api/rooms/:roomId/stream
room diagnostic op_nc__vik1 200 stream_lagging unavailable /api/rooms/:roomId/stream
room diagnostic op_VZJu460S 200 stream_lagging unavailable /api/rooms/:roomId/stream
room diagnostic op_nqeoFwGi 200 stream_lagging unavailable /api/rooms/:roomId/stream
room diagnostic op_wNeifRdQ 200 stream_lagging unavailable /api/rooms/:roomId/stream
room diagnostic op_02bdoKe5 200 stream_lagging unavailable /api/rooms/:roomId/stream
room diagnostic op_-qZEP8EE 200 stream_lagging unavailable /api/rooms/:roomId/stream
room diagnostic op_clX3_Mjv 200 stream_lagging unavailable /api/rooms/:roomId/stream
room diagnostic op_nZ3WnlAw 200 stream_lagging unavailable /api/rooms/:roomId/stream
room diagnostic op_cetaDFCw 200 stream_lagging unavailable /api/rooms/:roomId/stream
room diagnostic op_Shvl73Ml 200 stream_lagging unavailable /api/rooms/:roomId/stream
room diagnostic op_PDKRal2- 200 stream_lagging unavailable /api/rooms/:roomId/stream
room diagnostic op_r4ecSxPI 200 stream_lagging unavailable /api/rooms/:roomId/stream
room diagnostic op_YfyzD_TH 200 stream_lagging unavailable /api/rooms/:roomId/stream
room diagnostic op_EKr0LKxr 200 stream_lagging unavailable /api/rooms/:roomId/stream
room diagnostic op_eFwSN8-l 200 stream_lagging unavailable /api/rooms/:roomId/stream
room diagnostic op_Mz8Gg7BC 200 stream_lagging unavailable /api/rooms/:roomId/stream
room diagnostic op_PE6IVh7q 200 stream_lagging unavailable /api/rooms/:roomId/stream
room diagnostic op_xCxyrmbJ 200 stream_lagging unavailable /api/rooms/:roomId/stream
room diagnostic op_XCG3Ywjh 200 stream_lagging unavailable /api/rooms/:roomId/stream
room diagnostic op_Nfs5QsBz 200 stream_lagging unavailable /api/rooms/:roomId/stream
room diagnostic op_iy6K-Aud 200 stream_lagging unavailable /api/rooms/:roomId/stream
room diagnostic op_2feOgkjV 200 stream_lagging unavailable /api/rooms/:roomId/stream
room diagnostic op_ZcrqSRAs 200 stream_lagging unavailable /api/rooms/:roomId/stream
room diagnostic op_sENaP8qO 200 stream_lagging unavailable /api/rooms/:roomId/stream
room diagnostic op_tLTa1OZc 200 stream_lagging unavailable /api/rooms/:roomId/stream
room diagnostic op_t79Hdtcb 200 stream_lagging unavailable /api/rooms/:roomId/stream
room diagnostic op_UsrA6pKz 200 stream_lagging unavailable /api/rooms/:roomId/stream
room diagnostic op_x6I5AQrM 200 stream_lagging unavailable /api/rooms/:roomId/stream
room diagnostic op_4I5b1tXh 200 stream_lagging unavailable /api/rooms/:roomId/stream
room diagnostic op_paTVvTRM 200 stream_lagging unavailable /api/rooms/:roomId/stream
room diagnostic op_3Chnbs1x 200 stream_lagging unavailable /api/rooms/:roomId/stream
room diagnostic op_oDBfPra_ 200 stream_lagging unavailable /api/rooms/:roomId/stream
room diagnostic op_I2VT_I2h 200 stream_lagging unavailable /api/rooms/:roomId/stream
room diagnostic op_8l-WPWaC 200 stream_lagging unavailable /api/rooms/:roomId/stream
room diagnostic op_w56UmynY 200 stream_lagging unavailable /api/rooms/:roomId/stream
room diagnostic op_x_LJHWD3 200 stream_lagging unavailable /api/rooms/:roomId/stream
room diagnostic op_XqpLpfws 200 stream_lagging unavailable /api/rooms/:roomId/stream
room diagnostic op_oxX6REN5 200 stream_lagging unavailable /api/rooms/:roomId/stream
room diagnostic op__pEMRg1n 200 stream_lagging unavailable /api/rooms/:roomId/stream
room diagnostic op_hKB6B_ub 200 stream_lagging unavailable /api/rooms/:roomId/stream
room diagnostic op_8oDkxDjo 200 stream_lagging unavailable /api/rooms/:roomId/stream
PASS F15 chaos done in 51137ms, room healthy, probe got 1 events
