{"event":"room.cold_start","durationMs":1940,"integrity":"eager","phases":{"schema":{"ms":194,"rowsRead":0},"plugin":{"ms":1034,"rowsRead":0},"fence":{"ms":266,"rowsRead":0},"verifies":{"ms":103,"rowsRead":0},"checksum":{"ms":0,"rowsRead":0}},"cpuMs":193,"heapBytes":37402352,"rooms":0,"sequences":0,"projectionBytes":0,"events":0}
✖ every command type and every out-of-band surface carries exactly one class (77.17026ms)
✔ message posts and session launches are act-class; reminder scheduling is draft-class (1.603826ms)
✔ the reminder module never imports a send, post, session or spend capability (4.466753ms)
✔ done-when: enabling a reminder posts no message and launches no session or paid work (4774.385436ms)
ℹ tests 4
ℹ suites 0
ℹ pass 3
ℹ fail 1
ℹ cancelled 0
ℹ skipped 0
ℹ todo 0
ℹ duration_ms 14685.946059

✖ failing tests:

test at tests/action-classes.test.js:11:1
✖ every command type and every out-of-band surface carries exactly one class (77.17026ms)
  AssertionError [ERR_ASSERTION]: Missing expected exception.
      at TestContext.<anonymous> (file:///home/hatch/workspace/pr-wave1000-guild-12/tests/action-classes.test.js:18:10)
      at Test.runInAsyncScope (node:async_hooks:227:14)
      at Test.run (node:internal/test_runner/test:1397:25)
      at Test.start (node:internal/test_runner/test:1257:17)
      at startSubtestAfterBootstrap (node:internal/test_runner/harness:387:17) {
    generatedMessage: false,
    code: 'ERR_ASSERTION',
    actual: undefined,
    expected: /Unclassified/,
    operator: 'throws',
    diff: 'simple'
  }
