{"event":"room.cold_start","durationMs":1467,"integrity":"eager","phases":{"schema":{"ms":221,"rowsRead":0},"plugin":{"ms":295,"rowsRead":0},"fence":{"ms":713,"rowsRead":0},"verifies":{"ms":26,"rowsRead":0},"checksum":{"ms":0,"rowsRead":0}},"cpuMs":180,"heapBytes":37279544,"rooms":0,"sequences":0,"projectionBytes":0,"events":0}
{"event":"room.cold_start","durationMs":1061,"integrity":"eager","phases":{"schema":{"ms":83,"rowsRead":0},"plugin":{"ms":104,"rowsRead":0},"fence":{"ms":230,"rowsRead":0},"verifies":{"ms":11,"rowsRead":0},"checksum":{"ms":0,"rowsRead":0}},"cpuMs":117,"heapBytes":31648936,"rooms":1,"sequences":10,"projectionBytes":2920,"events":10}
✖ a lease younger than leaseMs survives crash recovery (5441.2881ms)
ℹ tests 1
ℹ suites 0
ℹ pass 0
ℹ fail 1
ℹ cancelled 0
ℹ skipped 0
ℹ todo 0
ℹ duration_ms 11909.43912

✖ failing tests:

test at findings/guild-12/regress/lease-duration-pinned.test.js:17:1
✖ a lease younger than leaseMs survives crash recovery (5441.2881ms)
  AssertionError [ERR_ASSERTION]: unexpired lease is untouched by recovery
  + actual - expected
  
  + 'pending'
  - 'leased'
  
      at TestContext.<anonymous> (file:///home/hatch/workspace/pr-wave1000-guild-12/findings/guild-12/regress/lease-duration-pinned.test.js:35:10)
      at Test.runInAsyncScope (node:async_hooks:227:14)
      at Test.run (node:internal/test_runner/test:1397:25)
      at Test.start (node:internal/test_runner/test:1257:17)
      at startSubtestAfterBootstrap (node:internal/test_runner/harness:387:17) {
    generatedMessage: false,
    code: 'ERR_ASSERTION',
    actual: 'pending',
    expected: 'leased',
    operator: 'strictEqual',
    diff: 'simple'
  }
