=== H04 baseline 2026-10-09T10:35:22Z ===
{"event":"room.cold_start","durationMs":1998,"integrity":"eager","phases":{"schema":{"ms":416,"rowsRead":0},"plugin":{"ms":962,"rowsRead":0},"fence":{"ms":301,"rowsRead":0},"verifies":{"ms":11,"rowsRead":0},"checksum":{"ms":0,"rowsRead":0}},"cpuMs":170,"heapBytes":37316856,"rooms":0,"sequences":0,"projectionBytes":0,"events":0}
{"event":"room.cold_start","durationMs":1459,"integrity":"eager","phases":{"schema":{"ms":154,"rowsRead":0},"plugin":{"ms":575,"rowsRead":0},"fence":{"ms":429,"rowsRead":0},"verifies":{"ms":16,"rowsRead":0},"checksum":{"ms":0,"rowsRead":0}},"cpuMs":145,"heapBytes":42096968,"rooms":0,"sequences":0,"projectionBytes":0,"events":0}
{"event":"room.cold_start","durationMs":1906,"integrity":"eager","phases":{"schema":{"ms":143,"rowsRead":0},"plugin":{"ms":1420,"rowsRead":0},"fence":{"ms":139,"rowsRead":0},"verifies":{"ms":4,"rowsRead":0},"checksum":{"ms":0,"rowsRead":0}},"cpuMs":197,"heapBytes":34020912,"rooms":0,"sequences":0,"projectionBytes":0,"events":0}
{"event":"room.cold_start","durationMs":1231,"integrity":"eager","phases":{"schema":{"ms":429,"rowsRead":0},"plugin":{"ms":315,"rowsRead":0},"fence":{"ms":266,"rowsRead":0},"verifies":{"ms":18,"rowsRead":0},"checksum":{"ms":0,"rowsRead":0}},"cpuMs":147,"heapBytes":38181312,"rooms":0,"sequences":0,"projectionBytes":0,"events":0}
{"event":"room.cold_start","durationMs":2061,"integrity":"eager","phases":{"schema":{"ms":206,"rowsRead":0},"plugin":{"ms":801,"rowsRead":0},"fence":{"ms":631,"rowsRead":0},"verifies":{"ms":73,"rowsRead":0},"checksum":{"ms":0,"rowsRead":0}},"cpuMs":149,"heapBytes":42450400,"rooms":0,"sequences":0,"projectionBytes":0,"events":0}
{"event":"room.cold_start","durationMs":3760,"integrity":"eager","phases":{"schema":{"ms":158,"rowsRead":0},"plugin":{"ms":1375,"rowsRead":0},"fence":{"ms":1814,"rowsRead":0},"verifies":{"ms":54,"rowsRead":0},"checksum":{"ms":0,"rowsRead":0}},"cpuMs":228,"heapBytes":31169904,"rooms":0,"sequences":0,"projectionBytes":0,"events":0}
{"event":"room.cold_start","durationMs":2974,"integrity":"eager","phases":{"schema":{"ms":510,"rowsRead":0},"plugin":{"ms":1534,"rowsRead":0},"fence":{"ms":508,"rowsRead":0},"verifies":{"ms":48,"rowsRead":0},"checksum":{"ms":0,"rowsRead":0}},"cpuMs":159,"heapBytes":35385176,"rooms":0,"sequences":0,"projectionBytes":0,"events":0}
{"event":"room.cold_start","durationMs":2553,"integrity":"eager","phases":{"schema":{"ms":698,"rowsRead":0},"plugin":{"ms":809,"rowsRead":0},"fence":{"ms":569,"rowsRead":0},"verifies":{"ms":138,"rowsRead":0},"checksum":{"ms":0,"rowsRead":0}},"cpuMs":151,"heapBytes":39734000,"rooms":0,"sequences":0,"projectionBytes":0,"events":0}
{"event":"room.cold_start","durationMs":2374,"integrity":"eager","phases":{"schema":{"ms":303,"rowsRead":0},"plugin":{"ms":973,"rowsRead":0},"fence":{"ms":898,"rowsRead":0},"verifies":{"ms":56,"rowsRead":0},"checksum":{"ms":0,"rowsRead":0}},"cpuMs":152,"heapBytes":43994960,"rooms":0,"sequences":0,"projectionBytes":0,"events":0}
{"event":"room.cold_start","durationMs":2567,"integrity":"eager","phases":{"schema":{"ms":392,"rowsRead":0},"plugin":{"ms":1082,"rowsRead":0},"fence":{"ms":819,"rowsRead":0},"verifies":{"ms":65,"rowsRead":0},"checksum":{"ms":0,"rowsRead":0}},"cpuMs":168,"heapBytes":48109416,"rooms":0,"sequences":0,"projectionBytes":0,"events":0}
{"event":"room.cold_start","durationMs":1760,"integrity":"eager","phases":{"schema":{"ms":203,"rowsRead":0},"plugin":{"ms":925,"rowsRead":0},"fence":{"ms":315,"rowsRead":0},"verifies":{"ms":31,"rowsRead":0},"checksum":{"ms":0,"rowsRead":0}},"cpuMs":146,"heapBytes":35653088,"rooms":0,"sequences":0,"projectionBytes":0,"events":0}
{"event":"room.cold_start","durationMs":3537,"integrity":"eager","phases":{"schema":{"ms":360,"rowsRead":0},"plugin":{"ms":1307,"rowsRead":0},"fence":{"ms":483,"rowsRead":0},"verifies":{"ms":14,"rowsRead":0},"checksum":{"ms":0,"rowsRead":0}},"cpuMs":182,"heapBytes":40013752,"rooms":0,"sequences":0,"projectionBytes":0,"events":0}
{"event":"room.cold_start","durationMs":1884,"integrity":"eager","phases":{"schema":{"ms":35,"rowsRead":0},"plugin":{"ms":950,"rowsRead":0},"fence":{"ms":595,"rowsRead":0},"verifies":{"ms":63,"rowsRead":0},"checksum":{"ms":0,"rowsRead":0}},"cpuMs":152,"heapBytes":44101336,"rooms":0,"sequences":0,"projectionBytes":0,"events":0}
ROOM_SECURITY_CONTACT is unset; /.well-known/security.txt returns 404
✔ an identity creates a room self-serve and becomes its owner (2823.402986ms)
✔ same identity retrying with the same parameters gets duplicate:true (2135.389681ms)
✔ room id collision with different parameters is 409 (2266.232988ms)
✔ a different identity cannot claim the same room id (1898.268882ms)
✔ creation budget is enforced per identity (2787.910703ms)
✔ unknown or malformed identity secrets are 401 (4876.584697ms)
✔ owner transfers ownership to an agent member; the chain is auditable (4239.019209ms)
✔ transfer by a non-owner is 403 (3010.736989ms)
✔ transfer to an unknown or inactive member is a bare 404 (2886.7293ms)
✔ an agent owner may set room policy and the room-wide spend allowance (2958.359937ms)
✔ an agent owner may archive its own room (2189.438392ms)
✔ transfer through the generic command path is auditable too (3873.254184ms)
{"event":"room.cold_start","durationMs":1543,"integrity":"eager","phases":{"schema":{"ms":173,"rowsRead":0},"plugin":{"ms":613,"rowsRead":0},"fence":{"ms":531,"rowsRead":0},"verifies":{"ms":12,"rowsRead":0},"checksum":{"ms":0,"rowsRead":0}},"cpuMs":132,"heapBytes":46176632,"rooms":0,"sequences":0,"projectionBytes":0,"events":0}
✔ HTTP: prefix-preserving /room/api/* aliases identity-create, agent-rooms, invite mint/redeem (5609.841991ms)
✔ client prefixes /room/api on www.getdasha.com and leaves workers.dev canonical (285.00588ms)
{"event":"room.cold_start","durationMs":1479,"integrity":"eager","phases":{"schema":{"ms":434,"rowsRead":0},"plugin":{"ms":677,"rowsRead":0},"fence":{"ms":173,"rowsRead":0},"verifies":{"ms":9,"rowsRead":0},"checksum":{"ms":0,"rowsRead":0}},"cpuMs":145,"heapBytes":51832992,"rooms":0,"sequences":0,"projectionBytes":0,"events":0}
✔ HTTP: self-serve creation over the bearer identity secret (2160.529618ms)
room diagnostic op_swv9fG4c 403 owner_required access /api/rooms/:roomId/ownership/transfer
{"event":"room.cold_start","durationMs":1657,"integrity":"eager","phases":{"schema":{"ms":304,"rowsRead":0},"plugin":{"ms":808,"rowsRead":0},"fence":{"ms":247,"rowsRead":0},"verifies":{"ms":18,"rowsRead":0},"checksum":{"ms":0,"rowsRead":0}},"cpuMs":139,"heapBytes":42624528,"rooms":0,"sequences":0,"projectionBytes":0,"events":0}
✔ HTTP: owner transfers ownership; non-owner is refused (2168.807561ms)
room diagnostic op_MqZnnwHo 422 invalid_invitation input /api/rooms/:roomId/invitations
room diagnostic op_JYYuorwf 422 invalid_invitation input /api/rooms/:roomId/invitations
{"event":"room.cold_start","durationMs":3595,"integrity":"eager","phases":{"schema":{"ms":138,"rowsRead":0},"plugin":{"ms":788,"rowsRead":0},"fence":{"ms":732,"rowsRead":0},"verifies":{"ms":26,"rowsRead":0},"checksum":{"ms":0,"rowsRead":0}},"cpuMs":148,"heapBytes":48006648,"rooms":0,"sequences":0,"projectionBytes":0,"events":0}
✔ HTTP: a cold agent follows room-create next hints and invites a peer (4217.328698ms)
{"event":"room.cold_start","durationMs":2410,"integrity":"eager","phases":{"schema":{"ms":240,"rowsRead":0},"plugin":{"ms":1486,"rowsRead":0},"fence":{"ms":490,"rowsRead":0},"verifies":{"ms":47,"rowsRead":0},"checksum":{"ms":0,"rowsRead":0}},"cpuMs":159,"heapBytes":53036616,"rooms":0,"sequences":0,"projectionBytes":0,"events":0}
✔ HTTP: agent owner mints an invite; a peer redeems — no human owner token (5040.581658ms)
{"event":"room.cold_start","durationMs":1766,"integrity":"eager","phases":{"schema":{"ms":167,"rowsRead":0},"plugin":{"ms":975,"rowsRead":0},"fence":{"ms":244,"rowsRead":0},"verifies":{"ms":98,"rowsRead":0},"checksum":{"ms":0,"rowsRead":0}},"cpuMs":149,"heapBytes":39812344,"rooms":0,"sequences":0,"projectionBytes":0,"events":0}
✔ agent owner can connect/check in its own room; a non-owner agent still cannot hold admin bits (3374.483646ms)
{"event":"room.cold_start","durationMs":2763,"integrity":"eager","phases":{"schema":{"ms":345,"rowsRead":0},"plugin":{"ms":1014,"rowsRead":0},"fence":{"ms":156,"rowsRead":0},"verifies":{"ms":40,"rowsRead":0},"checksum":{"ms":0,"rowsRead":0}},"cpuMs":180,"heapBytes":37332536,"rooms":0,"sequences":0,"projectionBytes":0,"events":0}
✔ CLI: identity-create → room-create → invite-code → peer redeem-invite → connect (no human owner token) (73591.440503ms)
✔ bootstrap arg parse: generated room id, flags, and account-link defaults (15.951088ms)
{"event":"room.cold_start","durationMs":1837,"integrity":"eager","phases":{"schema":{"ms":463,"rowsRead":0},"plugin":{"ms":603,"rowsRead":0},"fence":{"ms":520,"rowsRead":0},"verifies":{"ms":40,"rowsRead":0},"checksum":{"ms":0,"rowsRead":0}},"cpuMs":161,"heapBytes":39778648,"rooms":0,"sequences":0,"projectionBytes":0,"events":0}
✔ CLI: bootstrap-agent-room one-shot → peer redeem → check + orient + hello (43946.03992ms)
{"event":"room.cold_start","durationMs":1496,"integrity":"eager","phases":{"schema":{"ms":424,"rowsRead":0},"plugin":{"ms":615,"rowsRead":0},"fence":{"ms":162,"rowsRead":0},"verifies":{"ms":42,"rowsRead":0},"checksum":{"ms":0,"rowsRead":0}},"cpuMs":150,"heapBytes":41419544,"rooms":0,"sequences":0,"projectionBytes":0,"events":0}
{"event":"room.cold_start","durationMs":3638,"integrity":"eager","phases":{"schema":{"ms":415,"rowsRead":0},"plugin":{"ms":1554,"rowsRead":0},"fence":{"ms":1103,"rowsRead":0},"verifies":{"ms":155,"rowsRead":0},"checksum":{"ms":0,"rowsRead":0}},"cpuMs":169,"heapBytes":43067696,"rooms":0,"sequences":0,"projectionBytes":0,"events":0}
✔ CLI: account-link requests autonomy perms into a human-owned room (9772.800585ms)
✔ room-create kind 422 teaches the allowed kinds (RC-2026-09-18-021) (1721.527906ms)
room diagnostic op_42cg195P 403 account_session_required access /api/rooms/:roomId/guest-agent-links
room diagnostic op_RgXZyf7- 403 owner_required access /api/rooms/:roomId/reports
room diagnostic op_eGa4g-o_ 403 owner_required access /api/rooms/:roomId/access-review
room diagnostic op_KXB80vCV 403 owner_required access /api/rooms/:roomId/agent-connections
room diagnostic op_f8hhpI3h 403 owner_required access /api/rooms/:roomId/diagnostics
room diagnostic op_w5kTwS7X 403 access_denied access /api/rooms/:roomId/share-links
room diagnostic op_VHcW3MLJ 403 owner_required access /api/rooms/:roomId/guest-agent-links
{"event":"room.cold_start","durationMs":787,"integrity":"eager","phases":{"schema":{"ms":30,"rowsRead":0},"plugin":{"ms":446,"rowsRead":0},"fence":{"ms":76,"rowsRead":0},"verifies":{"ms":3,"rowsRead":0},"checksum":{"ms":0,"rowsRead":0}},"cpuMs":152,"heapBytes":39118216,"rooms":0,"sequences":0,"projectionBytes":0,"events":0}
{"event":"room.cold_start","durationMs":3130,"integrity":"eager","phases":{"schema":{"ms":730,"rowsRead":0},"plugin":{"ms":1643,"rowsRead":0},"fence":{"ms":579,"rowsRead":0},"verifies":{"ms":3,"rowsRead":0},"checksum":{"ms":0,"rowsRead":0}},"cpuMs":164,"heapBytes":39448040,"rooms":0,"sequences":0,"projectionBytes":0,"events":0}
{"event":"room.cold_start","durationMs":1274,"integrity":"eager","phases":{"schema":{"ms":592,"rowsRead":0},"plugin":{"ms":369,"rowsRead":0},"fence":{"ms":76,"rowsRead":0},"verifies":{"ms":23,"rowsRead":0},"checksum":{"ms":0,"rowsRead":0}},"cpuMs":134,"heapBytes":39350032,"rooms":0,"sequences":0,"projectionBytes":0,"events":0}
{"event":"room.cold_start","durationMs":1825,"integrity":"eager","phases":{"schema":{"ms":316,"rowsRead":0},"plugin":{"ms":543,"rowsRead":0},"fence":{"ms":679,"rowsRead":0},"verifies":{"ms":36,"rowsRead":0},"checksum":{"ms":0,"rowsRead":0}},"cpuMs":149,"heapBytes":39458792,"rooms":0,"sequences":0,"projectionBytes":0,"events":0}
{"event":"room.cold_start","durationMs":1734,"integrity":"eager","phases":{"schema":{"ms":342,"rowsRead":0},"plugin":{"ms":853,"rowsRead":0},"fence":{"ms":347,"rowsRead":0},"verifies":{"ms":43,"rowsRead":0},"checksum":{"ms":0,"rowsRead":0}},"cpuMs":156,"heapBytes":39518376,"rooms":0,"sequences":0,"projectionBytes":0,"events":0}
{"event":"room.cold_start","durationMs":1663,"integrity":"eager","phases":{"schema":{"ms":288,"rowsRead":0},"plugin":{"ms":586,"rowsRead":0},"fence":{"ms":112,"rowsRead":0},"verifies":{"ms":8,"rowsRead":0},"checksum":{"ms":0,"rowsRead":0}},"cpuMs":145,"heapBytes":38563320,"rooms":0,"sequences":0,"projectionBytes":0,"events":0}
✔ HTTP: agent owner administers by ID; non-owner agent is denied (6289.637863ms)
✔ the auto-claimed starter task carries the retention ack with the 24h SLA (1545.711758ms)
✔ the taught finish-work description names the in_progress intermediate step (3808.400467ms)
✔ finish-work verbatim on a fresh claimed starter is still rejected (1688.076115ms)
✔ the full taught sequence (start-work then finish-work) walks the starter to done (2139.58063ms)
✔ both taught vocabularies agree on the starter verbs (non-divergent) (4084.080181ms)
✔ create with starter:false skips the auto-claimed starter task (2095.097634ms)
{"event":"room.cold_start","durationMs":1892,"integrity":"eager","phases":{"schema":{"ms":218,"rowsRead":0},"plugin":{"ms":803,"rowsRead":0},"fence":{"ms":325,"rowsRead":0},"verifies":{"ms":181,"rowsRead":0},"checksum":{"ms":0,"rowsRead":0}},"cpuMs":177,"heapBytes":37852848,"rooms":0,"sequences":0,"projectionBytes":0,"events":0}
ROOM_SECURITY_CONTACT is unset; /.well-known/security.txt returns 404
{"event":"room.cold_start","durationMs":2085,"integrity":"eager","phases":{"schema":{"ms":111,"rowsRead":0},"plugin":{"ms":1227,"rowsRead":0},"fence":{"ms":397,"rowsRead":0},"verifies":{"ms":47,"rowsRead":0},"checksum":{"ms":0,"rowsRead":0}},"cpuMs":165,"heapBytes":33942968,"rooms":0,"sequences":0,"projectionBytes":0,"events":0}
✔ ensure-default-room creates a room for a fresh account (9059.688294ms)
{"event":"room.cold_start","durationMs":2245,"integrity":"eager","phases":{"schema":{"ms":38,"rowsRead":0},"plugin":{"ms":1048,"rowsRead":0},"fence":{"ms":848,"rowsRead":0},"verifies":{"ms":54,"rowsRead":0},"checksum":{"ms":0,"rowsRead":0}},"cpuMs":174,"heapBytes":41346896,"rooms":0,"sequences":0,"projectionBytes":0,"events":0}
✔ ensure-default-room is idempotent (5576.086814ms)
{"event":"room.cold_start","durationMs":1664,"integrity":"eager","phases":{"schema":{"ms":440,"rowsRead":0},"plugin":{"ms":962,"rowsRead":0},"fence":{"ms":54,"rowsRead":0},"verifies":{"ms":3,"rowsRead":0},"checksum":{"ms":0,"rowsRead":0}},"cpuMs":154,"heapBytes":47764016,"rooms":0,"sequences":0,"projectionBytes":0,"events":0}
✔ ensure-default-room returns the existing room when the account has one (4739.249237ms)
{"event":"room.cold_start","durationMs":2894,"integrity":"eager","phases":{"schema":{"ms":444,"rowsRead":0},"plugin":{"ms":846,"rowsRead":0},"fence":{"ms":349,"rowsRead":0},"verifies":{"ms":21,"rowsRead":0},"checksum":{"ms":0,"rowsRead":0}},"cpuMs":159,"heapBytes":37987648,"rooms":0,"sequences":0,"projectionBytes":0,"events":0}
✔ ensure-default-room does not resurrect a room after the account left all rooms (4627.313825ms)
{"event":"room.cold_start","durationMs":2052,"integrity":"eager","phases":{"schema":{"ms":478,"rowsRead":0},"plugin":{"ms":873,"rowsRead":0},"fence":{"ms":99,"rowsRead":0},"verifies":{"ms":9,"rowsRead":0},"checksum":{"ms":0,"rowsRead":0}},"cpuMs":159,"heapBytes":44122632,"rooms":0,"sequences":0,"projectionBytes":0,"events":0}
✔ ensure-default-room requires authentication (4722.722645ms)
✔ the created default room opens for its owner (5775.545582ms)
{"event":"room.cold_start","durationMs":2375,"integrity":"eager","phases":{"schema":{"ms":135,"rowsRead":0},"plugin":{"ms":1051,"rowsRead":0},"fence":{"ms":740,"rowsRead":0},"verifies":{"ms":60,"rowsRead":0},"checksum":{"ms":0,"rowsRead":0}},"cpuMs":213,"heapBytes":25873448,"rooms":0,"sequences":0,"projectionBytes":0,"events":0}
{"event":"room.cold_start","durationMs":2118,"integrity":"eager","phases":{"schema":{"ms":312,"rowsRead":0},"plugin":{"ms":861,"rowsRead":0},"fence":{"ms":629,"rowsRead":0},"verifies":{"ms":101,"rowsRead":0},"checksum":{"ms":0,"rowsRead":0}},"cpuMs":173,"heapBytes":26947224,"rooms":0,"sequences":0,"projectionBytes":0,"events":0}
{"event":"room.cold_start","durationMs":1566,"integrity":"eager","phases":{"schema":{"ms":236,"rowsRead":0},"plugin":{"ms":575,"rowsRead":0},"fence":{"ms":472,"rowsRead":0},"verifies":{"ms":27,"rowsRead":0},"checksum":{"ms":0,"rowsRead":0}},"cpuMs":168,"heapBytes":31511888,"rooms":0,"sequences":0,"projectionBytes":0,"events":0}
{"event":"room.cold_start","durationMs":1615,"integrity":"eager","phases":{"schema":{"ms":525,"rowsRead":0},"plugin":{"ms":603,"rowsRead":0},"fence":{"ms":210,"rowsRead":0},"verifies":{"ms":20,"rowsRead":0},"checksum":{"ms":0,"rowsRead":0}},"cpuMs":162,"heapBytes":36466528,"rooms":0,"sequences":0,"projectionBytes":0,"events":0}
✔ room records quota ignores discarded rows: stage→discard loop cannot brick uploads (5393.774386ms)
✔ room records quota ignores expired rows (4641.979914ms)
✔ room records quota still caps live rows (2478.883885ms)
✔ inbox records quota ignores discarded rows (3067.586954ms)
✔ roomIdFromHash reads #room/{roomId} and rejects lookalikes (34.168917ms)
✔ roomIdFromNext accepts a room id or a link that already names one (0.747482ms)
✔ selectedRoomFromLocation prefers #room/{id} over ?room= (0.27337ms)
✔ roomOpenHandoffHref keeps ?room= and #room/ so Open survives a dropped hash (33.190228ms)
✔ auth gate names the room title when known, otherwise the id (6.419504ms)
✔ public deep-link is the getdasha door fragment (0.335794ms)
✔ human invite URL is the full public #join/ link, never #room/ or RM- (1.145149ms)
✔ human join share URLs keep the app path so www /room is not dropped (35.770701ms)
{"event":"room.cold_start","durationMs":1410,"integrity":"eager","phases":{"schema":{"ms":84,"rowsRead":0},"plugin":{"ms":257,"rowsRead":0},"fence":{"ms":444,"rowsRead":0},"verifies":{"ms":241,"rowsRead":0},"checksum":{"ms":0,"rowsRead":0}},"cpuMs":167,"heapBytes":37165160,"rooms":0,"sequences":0,"projectionBytes":0,"events":0}
ROOM_SECURITY_CONTACT is unset; /.well-known/security.txt returns 404
{"event":"room.cold_start","durationMs":1564,"integrity":"eager","phases":{"schema":{"ms":241,"rowsRead":0},"plugin":{"ms":728,"rowsRead":0},"fence":{"ms":339,"rowsRead":0},"verifies":{"ms":33,"rowsRead":0},"checksum":{"ms":0,"rowsRead":0}},"cpuMs":145,"heapBytes":34229144,"rooms":0,"sequences":0,"projectionBytes":0,"events":0}
✔ inbox attachment tools stay behind a live identity secret (5769.908653ms)
{"event":"room.cold_start","durationMs":1693,"integrity":"eager","phases":{"schema":{"ms":210,"rowsRead":0},"plugin":{"ms":922,"rowsRead":0},"fence":{"ms":375,"rowsRead":0},"verifies":{"ms":28,"rowsRead":0},"checksum":{"ms":0,"rowsRead":0}},"cpuMs":155,"heapBytes":42787336,"rooms":0,"sequences":0,"projectionBytes":0,"events":0}
✔ an enrolled identity puts, lists, downloads, and discards its own inbox attachment bytes (3648.48413ms)
{"event":"room.cold_start","durationMs":2827,"integrity":"eager","phases":{"schema":{"ms":524,"rowsRead":0},"plugin":{"ms":1200,"rowsRead":0},"fence":{"ms":706,"rowsRead":0},"verifies":{"ms":50,"rowsRead":0},"checksum":{"ms":0,"rowsRead":0}},"cpuMs":164,"heapBytes":47621336,"rooms":0,"sequences":0,"projectionBytes":0,"events":0}
✔ a pri_ bearer can stage an inbox attachment larger than the join body cap (2311.000842ms)
✔ staged inbox attachments expire and an identity cannot exceed the staged cap (4637.642816ms)
✔ ledger parses as rotation-handoff and amendment as rotation-amendment (367.714121ms)
✔ ledger restores RC-005 with its ORIGINAL expiry, not the ledger post date (2088.094004ms)
✔ amendment closes the stale carried entry with its old-board evidence (1709.697252ms)
✔ a later fenced re-claim of a carried task-id is refused; the ledger stands (1300.153847ms)
✔ malformed ledger (missing watermark) registers nothing and logs loudly (1271.69491ms)
✔ amendment referencing the wrong ledger comment id is ignored (408.907029ms)
✔ tokenize lowercases, splits on non-alphanumerics, strips stopwords (20.310731ms)
✔ scoreItem ranks title overlap above note overlap (8.820446ms)
✔ scoreItem is 0 with no overlap, deterministic on ties (0.42624ms)
✔ findDuplicates ranks the closest matches first (0.651518ms)
✔ findDuplicates respects limit, minScore and excludeId (5.943069ms)
✔ findDuplicates on an empty registry returns an empty list (1.348313ms)
✔ findDuplicates validates inputs (6.225543ms)
✔ findDuplicates tie-breaks by id for determinism (0.596535ms)
✔ handler: duplicates ranks registry claims for a query (38.296482ms)
✔ handler: duplicates validates q and limit (57.010486ms)
✔ isFirstContribution: true on an empty room, false after any trace (6.730661ms)
✔ retentionAck appends the bot's structured receipt (7.514968ms)
✔ SLA: first claim pending inside the window, breached past it (4.168115ms)
✔ SLA: a verdict-class review inside the window answers it (1.106931ms)
✔ SLA: only the member's earliest claim is tracked (1.901474ms)
✔ SLA: completion inside the window answers it; completion after does not erase the breach (4.385411ms)
✔ SLA: the author's own stamps and system stamps never answer it (2.6458ms)
✔ SLA: first receipt is answered at once by the room's receipt machinery (1.130536ms)
✔ watchdog: acked-but-unanswered claims are watched; unacked claims alert (2.643567ms)
✔ watchdog: zero-reply rate runs over the trailing 30 days (1.738088ms)
✔ watchdog: done claims are excluded from the watch and the rate (5.089297ms)
✔ latency: median over responded claims in the window (0.936786ms)
✔ retentionReport bundles the SLA queue, the watch, and latency (0.651638ms)
✔ handler: claiming posts the ack; first-timers carry the SLA (13.242192ms)
✔ route table: GET /api/rooms/{roomId}/work-claims/retention serves the dashboard; non-members get 403 (5.119112ms)
✔ route table: unauthenticated callers get 401; scoped API keys are honored (1.658419ms)
✔ route table: wrong method on the retention path is a 405, not a claimId read (0.418257ms)
✔ handler: claiming an item you created yourself is still a first contribution (2.849165ms)
ℹ tests 87
ℹ suites 0
ℹ pass 87
ℹ fail 0
ℹ cancelled 0
ℹ skipped 0
ℹ todo 0
ℹ duration_ms 333201.972336
