=== RV-2 branch=wave300/fix69-event-light-claims at 2026-10-09T12:51:22Z
HEAD is now at 2bf5ec8fb FIX-69: rework integrity tests for the digest model (notes, list view, sweep budget)
--- rebase onto origin/main
rebase attempt 1 failed:
error: Your local changes to the following files would be overwritten by checkout:
error: could not detach HEAD
rebase attempt 2 failed:
Rebasing (1/5)Rebasing (2/5)error: Your local changes to the following files would be overwritten by merge:
rebase attempt 3 failed:
error: Your local changes to the following files would be overwritten by checkout:
error: could not detach HEAD
rebase attempt 4 failed:
Rebasing (1/5)Rebasing (2/5)error: Your local changes to the following files would be overwritten by merge:
rebase attempt 5 failed:
Rebasing (1/5)Rebasing (2/5)error: Your local changes to the following files would be overwritten by merge:
rebase attempt 6 failed:
Rebasing (1/5)Rebasing (2/5)error: Your local changes to the following files would be overwritten by merge:
rebase attempt 7 failed:
Rebasing (1/5)Rebasing (2/5)error: Your local changes to the following files would be overwritten by merge:
rebase attempt 8 failed:
error: Your local changes to the following files would be overwritten by checkout:
error: could not detach HEAD
REBASE_FAILED after 8 attempts
--- conflicting files:
--- NOT rebased; RESULT: REBASE_FAILED — no tests run
DONE_RV_2
Deleted branch g04-rv-2-scratch (was 2bf5ec8fb).
