unit=M3 file=identity-ratelimit.mjs test=tests/identity-ratelimit.test.js
desc: boundary: token bucket requires >1 instead of >=1
=== MUTANT DIFF ===
diff --git a/server/identity-ratelimit.mjs b/server/identity-ratelimit.mjs
index 3d46c6906..b800beaac 100644
--- a/server/identity-ratelimit.mjs
+++ b/server/identity-ratelimit.mjs
@@ -51,7 +51,7 @@ export function createRateLimiter({ store, now, capacity = 60, refillPerSecond =
   const checkLimit = identityId => {
     const bucket = bucketFor(identityId);
     refill(bucket);
-    if (bucket.tokens >= 1) {
+    if (bucket.tokens > 1) {
       bucket.tokens -= 1;
       buckets.set(identityId, bucket);
       return Object.freeze({ allowed: true, retryAfterMs: 0,
=== TEST RUN ===
test_exit=1
  
      at TestContext.<anonymous> (file:///home/hatch/workspace/pr-wave1000-guild-13/tests/identity-ratelimit.test.js:24:10)
      at Test.runInAsyncScope (node:async_hooks:227:14)
      at Test.run (node:internal/test_runner/test:1397:25)
      at Test.processPendingSubtests (node:internal/test_runner/test:969:18)
      at Test.postRun (node:internal/test_runner/test:1537:19)
      at Test.run (node:internal/test_runner/test:1462:12)
      at async startSubtestAfterBootstrap (node:internal/test_runner/harness:387:3) {
    generatedMessage: true,
    code: 'ERR_ASSERTION',
    actual: false,
    expected: true,
    operator: 'strictEqual',
    diff: 'simple'
  }
VERDICT=KILLED (tests failed with mutant applied)
=== RESTORING ===
restored clean
