unit=R2 branch=upstream/guild-identity-sybil/identity-discipline
HEAD is now at 4fe061b14 identity-sybil: spawner-bound minting + endorsement tiers + cluster-pooled quotas
merge_base=4740981978252994946c7190dbdce8e3623ee598
rebase=CLEAN
=== SLICE DIFF (vs origin/main) ===
server/agent-invites.mjs
test_files: tests/agent-invites-mail-unconfigured.test.js tests/agent-invites.test.js 
--- tests/agent-invites-mail-unconfigured.test.js
exit=1

test at tests/agent-invites-mail-unconfigured.test.js:1:1
✖ tests/agent-invites-mail-unconfigured.test.js (1536.272412ms)
  'test failed'
--- tests/agent-invites.test.js
exit=1

test at tests/agent-invites.test.js:1:1
✖ tests/agent-invites.test.js (1741.766048ms)
  'test failed'
SUITE_RESULT=FAIL
=== DIFF REVIEW (first 120 lines) ===
diff --git a/server/agent-invites.mjs b/server/agent-invites.mjs
index 8cde0e19d..2252a1d74 100644
--- a/server/agent-invites.mjs
+++ b/server/agent-invites.mjs
@@ -219,7 +219,10 @@ export class AgentInvites {
 
   // Unauthenticated: the code is the bearer credential. Burns the code,
   // mints an identity, and links it as an agent member — all atomically.
-  redeem(code, { displayName, identitySecret = null } = {}) {
+  // `address`/`proof` feed the shared anonymous identity-mint limiter (same
+  // budgets as /api/identity-create and referral-redeem); attaching an
+  // existing identity mints nothing and spends nothing.
+  redeem(code, { displayName, identitySecret = null, address = "", proof } = {}) {
     const existingIdentity = identitySecret === null ? null : this.store.identities.resolveGlobalIdentitySecret(identitySecret);
     if (identitySecret !== null && !existingIdentity) fail(401, "unauthenticated", "Active identity credential required");
     // Legacy codes never contain I/L/O, so folding the confusables is safe
@@ -279,7 +282,15 @@ export class AgentInvites {
         }
         throw error;
       }
-      const identity = existingIdentity ?? this.store.identities.create(name);
+      // A fresh mint on the redeem path spends the same anonymous
+      // identity-mint budgets as /api/identity-create and referral-redeem
+      // (per-address/day, per-network/day, global day, proof-of-work gate),
+      // answered as 429 identity_mint_limited / 428 proof_required. A
+      // self-issued invite code was the cheapest Sybil mint until it did.
+      const identity = existingIdentity ?? this.store.identities.create(name, {
+        anonymous: { address, proof, limitCode: "identity_mint_limited" },
+      });
+      if (!existingIdentity) this.store.identities.noteActivated(identity.identityId);
       if (this.db.prepare("SELECT 1 FROM identity_links WHERE room_id=? AND identity_id=?").get(row.room_id, identity.identityId))
         fail(409, "identity_already_linked", "Identity already joined; reuse its saved connection");
       const memberId = identity.identityId;
scratch removed
