unit=R5 branch=origin/hardwork-sec/referral-email-gate
HEAD is now at 812d36d4e Register tests/referral-invite-email-gate.test.js in the unit shard plan
merge_base=18e629d1683e7b7497d2992cac66630848acb2fa
rebase=CLEAN
=== SLICE DIFF (vs origin/main) ===
server/referral-invites.mjs
test_files: tests/referral-invites.test.js 
--- tests/referral-invites.test.js
exit=0
ℹ cancelled 0
ℹ skipped 0
ℹ todo 0
ℹ duration_ms 65227.770469
SUITE_RESULT=PASS
=== DIFF REVIEW (first 120 lines) ===
diff --git a/server/referral-invites.mjs b/server/referral-invites.mjs
index b6e42a181..b26fbd29d 100644
--- a/server/referral-invites.mjs
+++ b/server/referral-invites.mjs
@@ -233,6 +233,11 @@ export class ReferralInvites {
   // --- mint --------------------------------------------------------------
   mint(token, roomId, { maxDepth: requestedMaxDepth } = {}) {
     const auth = this.store.authenticate(token, roomId);
+    // Invitation issuance carries the f520ca69 email-verification gate, same
+    // as agent-invites.create, guest-invites.mint, share-link creation, and
+    // membership-invitation issue. Accountless owners/delegates have no
+    // account to verify.
+    if (auth.account) this.store.accountLogins.assertEmailVerified(auth.account.id);
     if (!auth.member || auth.member.active === false) fail(403, "access_denied", "Join the room before sending referral invites");
     if (typeof auth.member.id !== "string" || !MEMBER_ID_PATTERN.test(auth.member.id)) fail(403, "access_denied", "Join the room before sending referral invites");
     // The inviter must still be an active member: outstanding tokens die
scratch removed
